Archive member included because of file (symbol)

c:/program files/eclipsearm/sourcery-g++-lite-arm-2011.03/bin/../lib/gcc/arm-none-eabi/4.5.2\libgcc.a(_udivsi3.o)
                              ./tp.o (__aeabi_uidiv)
c:/program files/eclipsearm/sourcery-g++-lite-arm-2011.03/bin/../lib/gcc/arm-none-eabi/4.5.2\libgcc.a(_divsi3.o)
                              ./common/44blib.o (__aeabi_idiv)
c:/program files/eclipsearm/sourcery-g++-lite-arm-2011.03/bin/../lib/gcc/arm-none-eabi/4.5.2\libgcc.a(_dvmd_tls.o)
                              c:/program files/eclipsearm/sourcery-g++-lite-arm-2011.03/bin/../lib/gcc/arm-none-eabi/4.5.2\libgcc.a(_udivsi3.o) (__aeabi_idiv0)
c:/program files/eclipsearm/sourcery-g++-lite-arm-2011.03/bin/../lib/gcc/arm-none-eabi/4.5.2\libgcc.a(_arm_addsubdf3.o)
                              ./common/44blib.o (__aeabi_dadd)
c:/program files/eclipsearm/sourcery-g++-lite-arm-2011.03/bin/../lib/gcc/arm-none-eabi/4.5.2\libgcc.a(_arm_muldivdf3.o)
                              ./common/44blib.o (__aeabi_ddiv)
c:/program files/eclipsearm/sourcery-g++-lite-arm-2011.03/bin/../lib/gcc/arm-none-eabi/4.5.2\libgcc.a(_arm_fixdfsi.o)
                              ./common/44blib.o (__aeabi_d2iz)
c:/program files/eclipsearm/sourcery-g++-lite-arm-2011.03/bin/../lib/gcc/arm-none-eabi/4.5.2\libgcc.a(_aeabi_ldivmod.o)
                              ./tp.o (__aeabi_ldivmod)
c:/program files/eclipsearm/sourcery-g++-lite-arm-2011.03/bin/../lib/gcc/arm-none-eabi/4.5.2\libgcc.a(bpabi.o)
                              c:/program files/eclipsearm/sourcery-g++-lite-arm-2011.03/bin/../lib/gcc/arm-none-eabi/4.5.2\libgcc.a(_aeabi_ldivmod.o) (__gnu_ldivmod_helper)
c:/program files/eclipsearm/sourcery-g++-lite-arm-2011.03/bin/../lib/gcc/arm-none-eabi/4.5.2\libgcc.a(_divdi3.o)
                              c:/program files/eclipsearm/sourcery-g++-lite-arm-2011.03/bin/../lib/gcc/arm-none-eabi/4.5.2\libgcc.a(bpabi.o) (__divdi3)
c:/program files/eclipsearm/sourcery-g++-lite-arm-2011.03/bin/../lib/gcc/arm-none-eabi/4.5.2\libgcc.a(_udivdi3.o)
                              c:/program files/eclipsearm/sourcery-g++-lite-arm-2011.03/bin/../lib/gcc/arm-none-eabi/4.5.2\libgcc.a(bpabi.o) (__udivdi3)
c:/program files/eclipsearm/sourcery-g++-lite-arm-2011.03/bin/../lib/gcc/arm-none-eabi/4.5.2\libgcc.a(_clzsi2.o)
                              c:/program files/eclipsearm/sourcery-g++-lite-arm-2011.03/bin/../lib/gcc/arm-none-eabi/4.5.2\libgcc.a(_divdi3.o) (__clzsi2)
c:/program files/eclipsearm/sourcery-g++-lite-arm-2011.03/bin/../lib/gcc/arm-none-eabi/4.5.2/../../../../arm-none-eabi/lib\libc.a(lib_a-strlen.o)
                              ./lcd.o (strlen)

Allocating common symbols
Common symbol       size              file

ucCursorBackUp      0x78              ./Bmp.o
ulMouseY            0x2               ./Bmp.o
Ymin                0x4               ./main.o
Xmax                0x4               ./main.o
fileSize            0x4               ./common/44blib.o
yn                  0x1               ./main.o
ulMouseX            0x2               ./Bmp.o
Vx                  0x4               ./main.o
Ymax                0x4               ./main.o
oneTouch            0x4               ./main.o
Vy                  0x4               ./main.o
Xmin                0x4               ./main.o
downPt              0x4               ./common/44blib.o
CheckTSP            0x4               ./main.o

Memory Configuration

Name             Origin             Length             Attributes
*default*        0x00000000         0xffffffff

Linker script and memory map

LOAD ./common/44binit.o
LOAD ./common/44blib.o
LOAD ./common/AscII6x8.o
LOAD ./common/AscII8x16.o
LOAD ./8led.o
LOAD ./Bmp.o
LOAD ./button.o
LOAD ./cola.o
LOAD ./init_b.o
LOAD ./lcd.o
LOAD ./led.o
LOAD ./main.o
LOAD ./sudoku_2025.o
LOAD ./timer.o
LOAD ./timer1.o
LOAD ./timer2.o
LOAD ./timer3.o
LOAD ./tp.o
START GROUP
LOAD c:/program files/eclipsearm/sourcery-g++-lite-arm-2011.03/bin/../lib/gcc/arm-none-eabi/4.5.2\libgcc.a
LOAD c:/program files/eclipsearm/sourcery-g++-lite-arm-2011.03/bin/../lib/gcc/arm-none-eabi/4.5.2/../../../../arm-none-eabi/lib\libc.a
END GROUP
                0x0c000000                . = 0xc000000
                0x0c000000                Image_RO_Base = .

.text           0x0c000000     0xb8c0
 *(.text)
 .text          0x0c000000      0x70c ./common/44binit.o
 .text          0x0c00070c      0x8bc ./common/44blib.o
                0x0c00070c                Delay
                0x0c000844                DelayMs
                0x0c0008a8                DelayTime
                0x0c0008f0                Port_Init
                0x0c000a80                Uart_Init
                0x0c000ca8                Timer_Start
                0x0c000d1c                Timer_Stop
                0x0c000d5c                Beep
                0x0c000dc0                ChangePllValue
                0x0c000e0c                malloc
                0x0c000eac                free
                0x0c000edc                Cache_Flush
                0x0c000f58                sys_init
 .text          0x0c000fc8        0x0 ./common/AscII6x8.o
 .text          0x0c000fc8        0x0 ./common/AscII8x16.o
 .text          0x0c000fc8       0x78 ./8led.o
                0x0c000fc8                D8Led_init
                0x0c000fec                D8Led_symbol
 .text          0x0c001040      0x800 ./Bmp.o
                0x0c001040                BitmapView
                0x0c0011cc                BitmapPush
                0x0c001438                BitmapPop
                0x0c0016c4                CursorInit
                0x0c001718                CursorPush
                0x0c001774                CursorPop
                0x0c0017d0                CursorView
 .text          0x0c001840     0x10dc ./button.o
                0x0c0026c8                Eint4567_ISR
                0x0c002778                Sudoku_Partida_Terminada
                0x0c0027b0                Sudoku_Juego_En_Progreso
                0x0c002804                Sudoku_Obtener_Tiempo_Inicio
                0x0c00282c                Eint4567_init
 .text          0x0c00291c      0x270 ./cola.o
                0x0c00291c                cola_init
                0x0c002a10                cola_depuracion
                0x0c002b34                cola_get_num_eventos
                0x0c002b60                cola_get_indice
 .text          0x0c002b8c      0x48c ./init_b.o
                0x0c002b8c                candidatos_propagar_arm
                0x0c002ca4                candidatos_actualizar_arm_arm
                0x0c002d84                candidatos_actualizar_arm_c
                0x0c002e64                candidatos_actualizar_all
 .text          0x0c003018     0x3c68 ./lcd.o
                0x0c0030dc                Lcd_Init
                0x0c003270                Lcd_Active_Clr
                0x0c0032d8                LCD_GetPixel
                0x0c0033a8                Lcd_Clr
                0x0c003414                LcdClrRect
                0x0c003a64                Lcd_Draw_Box
                0x0c003b00                Lcd_Draw_Line
                0x0c004458                Lcd_Draw_HLine
                0x0c004660                Lcd_Draw_VLine
                0x0c004898                Lcd_DisplayString
                0x0c0048c4                Lcd_DspAscII8x16
                0x0c004bd8                Lcd_DspAscII6x8
                0x0c004d9c                ReverseLine
                0x0c004e90                Zdma0Done
                0x0c004ed0                Lcd_Dma_Trans
                0x0c004fa8                Lcd_Test
                0x0c00518c                Sudoku_Pantalla_Inicial
                0x0c0052bc                Sudoku_Dibujar_Numero_En_Celda
                0x0c00550c                Sudoku_Dibujar_Candidatos_En_Celda
                0x0c005f94                Sudoku_Actualizar_Tablero_Completo
                0x0c0060b4                Sudoku_Actualizar_Tiempo
                0x0c006308                Sudoku_Pantalla_Final
                0x0c0064c0                Sudoku_Dibujar_Tablero
                0x0c006860                Sudoku_Procesar_Touch
                0x0c0069b8                Sudoku_Mostrar_Region_Expandida
 .text          0x0c006c80      0x23c ./led.o
                0x0c006c80                leds_on
                0x0c006ca0                leds_off
                0x0c006cc0                led1_on
                0x0c006d00                led1_off
                0x0c006d40                led2_on
                0x0c006d80                led2_off
                0x0c006dc0                leds_switch
                0x0c006e00                Led_Display
 .text          0x0c006ebc      0x108 ./main.o
                0x0c006ebc                Main
 .text          0x0c006fc4      0x898 ./sudoku_2025.o
                0x0c007068                candidatos_propagar_c
                0x0c00723c                candidatos_actualizar_c
                0x0c0073d4                candidatos_actualizar_c_arm
                0x0c007660                sudoku9x9
                0x0c0077f4                main
 .text          0x0c00785c      0x108 ./timer.o
                0x0c00785c                timer_ISR
                0x0c0078a4                timer_init
 .text          0x0c007964      0x1ac ./timer1.o
                0x0c007964                timer1_ISR
                0x0c007a08                timer1_init
 .text          0x0c007b10      0x27c ./timer2.o
                0x0c007b10                timer2_ISR
                0x0c007b60                timer2_init
                0x0c007c88                timer2_start
                0x0c007d18                timer2_count
 .text          0x0c007d8c      0x71c ./timer3.o
                0x0c007f4c                timer3_init
                0x0c008078                timer3_start_antirrebote
                0x0c008184                timer3_esta_ocupado
                0x0c0081bc                timer3_ISR
 .text          0x0c0084a8     0x1e5c ./tp.o
                0x0c0084a8                TS_Test
                0x0c0084cc                TSInt
                0x0c00886c                TS_init
                0x0c008958                TS_close
                0x0c008998                Lcd_TC
                0x0c008d10                DesignREC
                0x0c008e44                Check_Sel
                0x0c009278                report_touch_data
                0x0c009478                ts_calibrate_5pt
                0x0c009a94                ts_read_calibrated
                0x0c009ca0                ts_test_calibracion
                0x0c009e54                ts_test_numeros
 .text          0x0c00a304      0x114 c:/program files/eclipsearm/sourcery-g++-lite-arm-2011.03/bin/../lib/gcc/arm-none-eabi/4.5.2\libgcc.a(_udivsi3.o)
                0x0c00a304                __aeabi_uidiv
                0x0c00a304                __udivsi3
                0x0c00a3f8                __aeabi_uidivmod
 .text          0x0c00a418      0x148 c:/program files/eclipsearm/sourcery-g++-lite-arm-2011.03/bin/../lib/gcc/arm-none-eabi/4.5.2\libgcc.a(_divsi3.o)
                0x0c00a418                __divsi3
                0x0c00a418                __aeabi_idiv
                0x0c00a540                __aeabi_idivmod
 .text          0x0c00a560        0x4 c:/program files/eclipsearm/sourcery-g++-lite-arm-2011.03/bin/../lib/gcc/arm-none-eabi/4.5.2\libgcc.a(_dvmd_tls.o)
                0x0c00a560                __aeabi_idiv0
                0x0c00a560                __aeabi_ldiv0
 .text          0x0c00a564      0x41c c:/program files/eclipsearm/sourcery-g++-lite-arm-2011.03/bin/../lib/gcc/arm-none-eabi/4.5.2\libgcc.a(_arm_addsubdf3.o)
                0x0c00a564                __aeabi_drsub
                0x0c00a56c                __aeabi_dsub
                0x0c00a56c                __subdf3
                0x0c00a570                __aeabi_dadd
                0x0c00a570                __adddf3
                0x0c00a880                __floatunsidf
                0x0c00a880                __aeabi_ui2d
                0x0c00a8a4                __floatsidf
                0x0c00a8a4                __aeabi_i2d
                0x0c00a8cc                __aeabi_f2d
                0x0c00a8cc                __extendsfdf2
                0x0c00a90c                __floatundidf
                0x0c00a90c                __aeabi_ul2d
                0x0c00a920                __floatdidf
                0x0c00a920                __aeabi_l2d
 .text          0x0c00a980      0x49c c:/program files/eclipsearm/sourcery-g++-lite-arm-2011.03/bin/../lib/gcc/arm-none-eabi/4.5.2\libgcc.a(_arm_muldivdf3.o)
                0x0c00a980                __aeabi_dmul
                0x0c00a980                __muldf3
                0x0c00ac10                __divdf3
                0x0c00ac10                __aeabi_ddiv
 .text          0x0c00ae1c       0x5c c:/program files/eclipsearm/sourcery-g++-lite-arm-2011.03/bin/../lib/gcc/arm-none-eabi/4.5.2\libgcc.a(_arm_fixdfsi.o)
                0x0c00ae1c                __aeabi_d2iz
                0x0c00ae1c                __fixdfsi
 .text          0x0c00ae78       0x44 c:/program files/eclipsearm/sourcery-g++-lite-arm-2011.03/bin/../lib/gcc/arm-none-eabi/4.5.2\libgcc.a(_aeabi_ldivmod.o)
                0x0c00ae78                __aeabi_ldivmod
 .text          0x0c00aebc       0x80 c:/program files/eclipsearm/sourcery-g++-lite-arm-2011.03/bin/../lib/gcc/arm-none-eabi/4.5.2\libgcc.a(bpabi.o)
                0x0c00aebc                __gnu_ldivmod_helper
                0x0c00aefc                __gnu_uldivmod_helper
 .text          0x0c00af3c      0x4a8 c:/program files/eclipsearm/sourcery-g++-lite-arm-2011.03/bin/../lib/gcc/arm-none-eabi/4.5.2\libgcc.a(_divdi3.o)
                0x0c00af3c                __divdi3
 .text          0x0c00b3e4      0x434 c:/program files/eclipsearm/sourcery-g++-lite-arm-2011.03/bin/../lib/gcc/arm-none-eabi/4.5.2\libgcc.a(_udivdi3.o)
                0x0c00b3e4                __udivdi3
 .text          0x0c00b818       0x48 c:/program files/eclipsearm/sourcery-g++-lite-arm-2011.03/bin/../lib/gcc/arm-none-eabi/4.5.2\libgcc.a(_clzsi2.o)
                0x0c00b818                __clzsi2
 .text          0x0c00b860       0x60 c:/program files/eclipsearm/sourcery-g++-lite-arm-2011.03/bin/../lib/gcc/arm-none-eabi/4.5.2/../../../../arm-none-eabi/lib\libc.a(lib_a-strlen.o)
                0x0c00b860                strlen
                0x0c00b8c0                Image_RO_Limit = .
                0x0c00b8c0                Image_RW_Base = .

.glue_7         0x0c00b8c0        0x0
 .glue_7        0x00000000        0x0 linker stubs

.glue_7t        0x0c00b8c0        0x0
 .glue_7t       0x00000000        0x0 linker stubs

.vfp11_veneer   0x0c00b8c0        0x0
 .vfp11_veneer  0x00000000        0x0 linker stubs

.v4_bx          0x0c00b8c0        0x0
 .v4_bx         0x00000000        0x0 linker stubs

.data           0x0c00b8c0     0x1500
 *(.data)
 .data          0x0c00b8c0        0x6 ./common/44binit.o
                0x0c00b8c0                BDRAMTYPE
 *fill*         0x0c00b8c6        0x2 00
 .data          0x0c00b8c8        0xc ./common/44blib.o
                0x0c00b8c8                mallocPt
                0x0c00b8cc                run
 .data          0x0c00b8d4        0x0 ./common/AscII6x8.o
 .data          0x0c00b8d4        0x0 ./common/AscII8x16.o
 .data          0x0c00b8d4       0x44 ./8led.o
 .data          0x0c00b918       0x10 ./Bmp.o
                0x0c00b918                Stru_Bitmap_gbMouse
 *fill*         0x0c00b928       0x18 00
 .data          0x0c00b940      0x6c0 ./button.o
 .data          0x0c00c000        0x4 ./cola.o
                0x0c00c000                cola_global
 .data          0x0c00c004        0x0 ./init_b.o
 .data          0x0c00c004        0x1 ./lcd.o
 .data          0x0c00c005        0x0 ./led.o
 *fill*         0x0c00c005       0x1b 00
 .data          0x0c00c020      0x6e0 ./main.o
                0x0c00c6e0                cuadricula
 .data          0x0c00c700      0x6c0 ./sudoku_2025.o
 .data          0x0c00cdc0        0x0 ./timer.o
 .data          0x0c00cdc0        0x0 ./timer1.o
 .data          0x0c00cdc0        0x0 ./timer2.o
 .data          0x0c00cdc0        0x0 ./timer3.o
 .data          0x0c00cdc0        0x0 ./tp.o
 .data          0x0c00cdc0        0x0 c:/program files/eclipsearm/sourcery-g++-lite-arm-2011.03/bin/../lib/gcc/arm-none-eabi/4.5.2\libgcc.a(_udivsi3.o)
 .data          0x0c00cdc0        0x0 c:/program files/eclipsearm/sourcery-g++-lite-arm-2011.03/bin/../lib/gcc/arm-none-eabi/4.5.2\libgcc.a(_divsi3.o)
 .data          0x0c00cdc0        0x0 c:/program files/eclipsearm/sourcery-g++-lite-arm-2011.03/bin/../lib/gcc/arm-none-eabi/4.5.2\libgcc.a(_dvmd_tls.o)
 .data          0x0c00cdc0        0x0 c:/program files/eclipsearm/sourcery-g++-lite-arm-2011.03/bin/../lib/gcc/arm-none-eabi/4.5.2\libgcc.a(_arm_addsubdf3.o)
 .data          0x0c00cdc0        0x0 c:/program files/eclipsearm/sourcery-g++-lite-arm-2011.03/bin/../lib/gcc/arm-none-eabi/4.5.2\libgcc.a(_arm_muldivdf3.o)
 .data          0x0c00cdc0        0x0 c:/program files/eclipsearm/sourcery-g++-lite-arm-2011.03/bin/../lib/gcc/arm-none-eabi/4.5.2\libgcc.a(_arm_fixdfsi.o)
 .data          0x0c00cdc0        0x0 c:/program files/eclipsearm/sourcery-g++-lite-arm-2011.03/bin/../lib/gcc/arm-none-eabi/4.5.2\libgcc.a(_aeabi_ldivmod.o)
 .data          0x0c00cdc0        0x0 c:/program files/eclipsearm/sourcery-g++-lite-arm-2011.03/bin/../lib/gcc/arm-none-eabi/4.5.2\libgcc.a(bpabi.o)
 .data          0x0c00cdc0        0x0 c:/program files/eclipsearm/sourcery-g++-lite-arm-2011.03/bin/../lib/gcc/arm-none-eabi/4.5.2\libgcc.a(_divdi3.o)
 .data          0x0c00cdc0        0x0 c:/program files/eclipsearm/sourcery-g++-lite-arm-2011.03/bin/../lib/gcc/arm-none-eabi/4.5.2\libgcc.a(_udivdi3.o)
 .data          0x0c00cdc0        0x0 c:/program files/eclipsearm/sourcery-g++-lite-arm-2011.03/bin/../lib/gcc/arm-none-eabi/4.5.2\libgcc.a(_clzsi2.o)
 .data          0x0c00cdc0        0x0 c:/program files/eclipsearm/sourcery-g++-lite-arm-2011.03/bin/../lib/gcc/arm-none-eabi/4.5.2/../../../../arm-none-eabi/lib\libc.a(lib_a-strlen.o)

.rodata         0x0c00cdc0     0x1be4
 *(.rodata)
 .rodata        0x0c00cdc0      0x400 ./common/AscII6x8.o
                0x0c00cdc0                g_auc_Ascii6x8
 .rodata        0x0c00d1c0     0x1004 ./common/AscII8x16.o
                0x0c00d1c0                g_auc_Ascii8x16
 .rodata        0x0c00e1c4       0xf0 ./Bmp.o
                0x0c00e1c4                ucMouseMap
 *fill*         0x0c00e2b4        0xc 00
 .rodata        0x0c00e2c0      0x120 ./button.o
 .rodata        0x0c00e3e0      0x184 ./lcd.o
 *fill*         0x0c00e564       0x1c 00
 .rodata        0x0c00e580      0x120 ./main.o
 .rodata        0x0c00e6a0      0x140 ./sudoku_2025.o
 .rodata        0x0c00e7e0      0x1c4 ./tp.o
                0x0c00e9a4                Image_RW_Limit = .
                0x0c00e9a4                Image_ZI_Base = .

.ARM.extab      0x0c00e9a4        0x0
 .ARM.extab     0x0c00e9a4        0x0 c:/program files/eclipsearm/sourcery-g++-lite-arm-2011.03/bin/../lib/gcc/arm-none-eabi/4.5.2\libgcc.a(_divdi3.o)
 .ARM.extab     0x0c00e9a4        0x0 c:/program files/eclipsearm/sourcery-g++-lite-arm-2011.03/bin/../lib/gcc/arm-none-eabi/4.5.2\libgcc.a(_udivdi3.o)

.ARM.exidx      0x0c00e9a4        0x8
 .ARM.exidx     0x0c00e9a4        0x8 c:/program files/eclipsearm/sourcery-g++-lite-arm-2011.03/bin/../lib/gcc/arm-none-eabi/4.5.2\libgcc.a(_divdi3.o)
 .ARM.exidx     0x0c00e9ac        0x0 c:/program files/eclipsearm/sourcery-g++-lite-arm-2011.03/bin/../lib/gcc/arm-none-eabi/4.5.2\libgcc.a(_udivdi3.o)
                                  0x8 (size before relaxing)

.bss            0x0c00e9ac      0x11c
 *(.bss)
 .bss           0x0c00e9ac        0x0 ./common/44binit.o
 .bss           0x0c00e9ac        0x4 ./common/44blib.o
                0x0c00e9ac                restart
 .bss           0x0c00e9b0        0x0 ./common/AscII6x8.o
 .bss           0x0c00e9b0        0x0 ./common/AscII8x16.o
 .bss           0x0c00e9b0        0x0 ./8led.o
 .bss           0x0c00e9b0        0x0 ./Bmp.o
 .bss           0x0c00e9b0       0x10 ./button.o
 .bss           0x0c00e9c0        0x0 ./cola.o
 .bss           0x0c00e9c0        0x0 ./init_b.o
 .bss           0x0c00e9c0        0x0 ./lcd.o
 .bss           0x0c00e9c0        0x4 ./led.o
 .bss           0x0c00e9c4        0x4 ./main.o
                0x0c00e9c4                celdas_vacias
 .bss           0x0c00e9c8        0x0 ./sudoku_2025.o
 .bss           0x0c00e9c8        0x4 ./timer.o
                0x0c00e9c8                switch_leds
 .bss           0x0c00e9cc        0x8 ./timer1.o
 .bss           0x0c00e9d4        0x4 ./timer2.o
 .bss           0x0c00e9d8       0x1c ./timer3.o
 .bss           0x0c00e9f4       0x2c ./tp.o
 .bss           0x0c00ea20        0x0 c:/program files/eclipsearm/sourcery-g++-lite-arm-2011.03/bin/../lib/gcc/arm-none-eabi/4.5.2\libgcc.a(_udivsi3.o)
 .bss           0x0c00ea20        0x0 c:/program files/eclipsearm/sourcery-g++-lite-arm-2011.03/bin/../lib/gcc/arm-none-eabi/4.5.2\libgcc.a(_divsi3.o)
 .bss           0x0c00ea20        0x0 c:/program files/eclipsearm/sourcery-g++-lite-arm-2011.03/bin/../lib/gcc/arm-none-eabi/4.5.2\libgcc.a(_dvmd_tls.o)
 .bss           0x0c00ea20        0x0 c:/program files/eclipsearm/sourcery-g++-lite-arm-2011.03/bin/../lib/gcc/arm-none-eabi/4.5.2\libgcc.a(_arm_addsubdf3.o)
 .bss           0x0c00ea20        0x0 c:/program files/eclipsearm/sourcery-g++-lite-arm-2011.03/bin/../lib/gcc/arm-none-eabi/4.5.2\libgcc.a(_arm_muldivdf3.o)
 .bss           0x0c00ea20        0x0 c:/program files/eclipsearm/sourcery-g++-lite-arm-2011.03/bin/../lib/gcc/arm-none-eabi/4.5.2\libgcc.a(_arm_fixdfsi.o)
 .bss           0x0c00ea20        0x0 c:/program files/eclipsearm/sourcery-g++-lite-arm-2011.03/bin/../lib/gcc/arm-none-eabi/4.5.2\libgcc.a(_aeabi_ldivmod.o)
 .bss           0x0c00ea20        0x0 c:/program files/eclipsearm/sourcery-g++-lite-arm-2011.03/bin/../lib/gcc/arm-none-eabi/4.5.2\libgcc.a(bpabi.o)
 .bss           0x0c00ea20        0x0 c:/program files/eclipsearm/sourcery-g++-lite-arm-2011.03/bin/../lib/gcc/arm-none-eabi/4.5.2\libgcc.a(_divdi3.o)
 .bss           0x0c00ea20        0x0 c:/program files/eclipsearm/sourcery-g++-lite-arm-2011.03/bin/../lib/gcc/arm-none-eabi/4.5.2\libgcc.a(_udivdi3.o)
 .bss           0x0c00ea20        0x0 c:/program files/eclipsearm/sourcery-g++-lite-arm-2011.03/bin/../lib/gcc/arm-none-eabi/4.5.2\libgcc.a(_clzsi2.o)
 .bss           0x0c00ea20        0x0 c:/program files/eclipsearm/sourcery-g++-lite-arm-2011.03/bin/../lib/gcc/arm-none-eabi/4.5.2/../../../../arm-none-eabi/lib\libc.a(lib_a-strlen.o)
 COMMON         0x0c00ea20        0x8 ./common/44blib.o
                0x0c00ea20                fileSize
                0x0c00ea24                downPt
 COMMON         0x0c00ea28       0x7c ./Bmp.o
                0x0c00ea28                ucCursorBackUp
                0x0c00eaa0                ulMouseY
                0x0c00eaa2                ulMouseX
 COMMON         0x0c00eaa4       0x24 ./main.o
                0x0c00eaa4                Ymin
                0x0c00eaa8                Xmax
                0x0c00eaac                yn
                0x0c00eab0                Vx
                0x0c00eab4                Ymax
                0x0c00eab8                oneTouch
                0x0c00eabc                Vy
                0x0c00eac0                Xmin
                0x0c00eac4                CheckTSP
                0x0c00eac8                Image_ZI_Limit = .
                0x0c00eac8                __bss_start__ = .
                0x0c00eac8                __bss_end__ = .
                0x0c00eac8                __EH_FRAME_BEGIN__ = .
                0x0c00eac8                __EH_FRAME_END__ = .
                0x0c00eac8                PROVIDE (__stack, .)
                0x0c00eac8                end = .
                0x0c00eac8                _end = .

.ARM.attributes
                0x00000000       0x2e
 .ARM.attributes
                0x00000000       0x22 ./common/44binit.o
 .ARM.attributes
                0x00000022       0x32 ./common/44blib.o
 .ARM.attributes
                0x00000054       0x32 ./common/AscII6x8.o
 .ARM.attributes
                0x00000086       0x32 ./common/AscII8x16.o
 .ARM.attributes
                0x000000b8       0x32 ./8led.o
 .ARM.attributes
                0x000000ea       0x32 ./Bmp.o
 .ARM.attributes
                0x0000011c       0x32 ./button.o
 .ARM.attributes
                0x0000014e       0x32 ./cola.o
 .ARM.attributes
                0x00000180       0x22 ./init_b.o
 .ARM.attributes
                0x000001a2       0x32 ./lcd.o
 .ARM.attributes
                0x000001d4       0x32 ./led.o
 .ARM.attributes
                0x00000206       0x32 ./main.o
 .ARM.attributes
                0x00000238       0x32 ./sudoku_2025.o
 .ARM.attributes
                0x0000026a       0x32 ./timer.o
 .ARM.attributes
                0x0000029c       0x32 ./timer1.o
 .ARM.attributes
                0x000002ce       0x32 ./timer2.o
 .ARM.attributes
                0x00000300       0x32 ./timer3.o
 .ARM.attributes
                0x00000332       0x32 ./tp.o
 .ARM.attributes
                0x00000364       0x1a c:/program files/eclipsearm/sourcery-g++-lite-arm-2011.03/bin/../lib/gcc/arm-none-eabi/4.5.2\libgcc.a(_udivsi3.o)
 .ARM.attributes
                0x0000037e       0x1a c:/program files/eclipsearm/sourcery-g++-lite-arm-2011.03/bin/../lib/gcc/arm-none-eabi/4.5.2\libgcc.a(_divsi3.o)
 .ARM.attributes
                0x00000398       0x18 c:/program files/eclipsearm/sourcery-g++-lite-arm-2011.03/bin/../lib/gcc/arm-none-eabi/4.5.2\libgcc.a(_dvmd_tls.o)
 .ARM.attributes
                0x000003b0       0x1a c:/program files/eclipsearm/sourcery-g++-lite-arm-2011.03/bin/../lib/gcc/arm-none-eabi/4.5.2\libgcc.a(_arm_addsubdf3.o)
 .ARM.attributes
                0x000003ca       0x1a c:/program files/eclipsearm/sourcery-g++-lite-arm-2011.03/bin/../lib/gcc/arm-none-eabi/4.5.2\libgcc.a(_arm_muldivdf3.o)
 .ARM.attributes
                0x000003e4       0x1a c:/program files/eclipsearm/sourcery-g++-lite-arm-2011.03/bin/../lib/gcc/arm-none-eabi/4.5.2\libgcc.a(_arm_fixdfsi.o)
 .ARM.attributes
                0x000003fe       0x1a c:/program files/eclipsearm/sourcery-g++-lite-arm-2011.03/bin/../lib/gcc/arm-none-eabi/4.5.2\libgcc.a(_aeabi_ldivmod.o)
 .ARM.attributes
                0x00000418       0x34 c:/program files/eclipsearm/sourcery-g++-lite-arm-2011.03/bin/../lib/gcc/arm-none-eabi/4.5.2\libgcc.a(bpabi.o)
 .ARM.attributes
                0x0000044c       0x34 c:/program files/eclipsearm/sourcery-g++-lite-arm-2011.03/bin/../lib/gcc/arm-none-eabi/4.5.2\libgcc.a(_divdi3.o)
 .ARM.attributes
                0x00000480       0x34 c:/program files/eclipsearm/sourcery-g++-lite-arm-2011.03/bin/../lib/gcc/arm-none-eabi/4.5.2\libgcc.a(_udivdi3.o)
 .ARM.attributes
                0x000004b4       0x1a c:/program files/eclipsearm/sourcery-g++-lite-arm-2011.03/bin/../lib/gcc/arm-none-eabi/4.5.2\libgcc.a(_clzsi2.o)
 .ARM.attributes
                0x000004ce       0x34 c:/program files/eclipsearm/sourcery-g++-lite-arm-2011.03/bin/../lib/gcc/arm-none-eabi/4.5.2/../../../../arm-none-eabi/lib\libc.a(lib_a-strlen.o)

.comment        0x00000000       0x2a
 .comment       0x00000000       0x2a ./common/44blib.o
                                 0x2b (size before relaxing)
 .comment       0x00000000       0x2b ./common/AscII6x8.o
 .comment       0x00000000       0x2b ./common/AscII8x16.o
 .comment       0x00000000       0x2b ./8led.o
 .comment       0x00000000       0x2b ./Bmp.o
 .comment       0x00000000       0x2b ./button.o
 .comment       0x00000000       0x2b ./cola.o
 .comment       0x00000000       0x2b ./lcd.o
 .comment       0x00000000       0x2b ./led.o
 .comment       0x00000000       0x2b ./main.o
 .comment       0x00000000       0x2b ./sudoku_2025.o
 .comment       0x00000000       0x2b ./timer.o
 .comment       0x00000000       0x2b ./timer1.o
 .comment       0x00000000       0x2b ./timer2.o
 .comment       0x00000000       0x2b ./timer3.o
 .comment       0x00000000       0x2b ./tp.o

.debug_info     0x00000000     0x3604
 *(.debug_info)
 .debug_info    0x00000000       0x6c ./common/44binit.o
 .debug_info    0x0000006c      0x380 ./common/44blib.o
 .debug_info    0x000003ec       0x60 ./common/AscII6x8.o
 .debug_info    0x0000044c       0x60 ./common/AscII8x16.o
 .debug_info    0x000004ac      0x10d ./8led.o
 .debug_info    0x000005b9      0x33c ./Bmp.o
 .debug_info    0x000008f5      0x598 ./button.o
 .debug_info    0x00000e8d      0x1d4 ./cola.o
 .debug_info    0x00001061       0x64 ./init_b.o
 .debug_info    0x000010c5      0xf5e ./lcd.o
 .debug_info    0x00002023       0xf6 ./led.o
 .debug_info    0x00002119      0x353 ./main.o
 .debug_info    0x0000246c      0x4b4 ./sudoku_2025.o
 .debug_info    0x00002920       0x7a ./timer.o
 .debug_info    0x0000299a       0x82 ./timer1.o
 .debug_info    0x00002a1c       0xea ./timer2.o
 .debug_info    0x00002b06      0x25e ./timer3.o
 .debug_info    0x00002d64      0x8a0 ./tp.o

.debug_line     0x00000000     0x24b2
 *(.debug_line)
 .debug_line    0x00000000      0x10f ./common/44binit.o
 .debug_line    0x0000010f      0x400 ./common/44blib.o
 .debug_line    0x0000050f       0x3e ./common/AscII6x8.o
 .debug_line    0x0000054d       0x3f ./common/AscII8x16.o
 .debug_line    0x0000058c       0xa2 ./8led.o
 .debug_line    0x0000062e      0x113 ./Bmp.o
 .debug_line    0x00000741      0x3f7 ./button.o
 .debug_line    0x00000b38      0x199 ./cola.o
 .debug_line    0x00000cd1      0x16d ./init_b.o
 .debug_line    0x00000e3e      0x67d ./lcd.o
 .debug_line    0x000014bb       0xb5 ./led.o
 .debug_line    0x00001570      0x282 ./main.o
 .debug_line    0x000017f2      0x2e6 ./sudoku_2025.o
 .debug_line    0x00001ad8       0xb2 ./timer.o
 .debug_line    0x00001b8a       0xc0 ./timer1.o
 .debug_line    0x00001c4a       0xc3 ./timer2.o
 .debug_line    0x00001d0d      0x224 ./timer3.o
 .debug_line    0x00001f31      0x581 ./tp.o

.debug_abbrev   0x00000000      0xe7c
 *(.debug_abbrev)
 .debug_abbrev  0x00000000       0x14 ./common/44binit.o
 .debug_abbrev  0x00000014      0x136 ./common/44blib.o
 .debug_abbrev  0x0000014a       0x4b ./common/AscII6x8.o
 .debug_abbrev  0x00000195       0x4b ./common/AscII8x16.o
 .debug_abbrev  0x000001e0       0xa7 ./8led.o
 .debug_abbrev  0x00000287       0xf8 ./Bmp.o
 .debug_abbrev  0x0000037f      0x173 ./button.o
 .debug_abbrev  0x000004f2       0xeb ./cola.o
 .debug_abbrev  0x000005dd       0x14 ./init_b.o
 .debug_abbrev  0x000005f1      0x261 ./lcd.o
 .debug_abbrev  0x00000852       0x69 ./led.o
 .debug_abbrev  0x000008bb      0x103 ./main.o
 .debug_abbrev  0x000009be      0x103 ./sudoku_2025.o
 .debug_abbrev  0x00000ac1       0x58 ./timer.o
 .debug_abbrev  0x00000b19       0x4c ./timer1.o
 .debug_abbrev  0x00000b65       0x65 ./timer2.o
 .debug_abbrev  0x00000bca      0x113 ./timer3.o
 .debug_abbrev  0x00000cdd      0x19f ./tp.o

.debug_frame    0x00000000     0x1140
 *(.debug_frame)
 .debug_frame   0x00000000      0x1bc ./common/44blib.o
 .debug_frame   0x000001bc       0x50 ./8led.o
 .debug_frame   0x0000020c       0xf4 ./Bmp.o
 .debug_frame   0x00000300      0x1dc ./button.o
 .debug_frame   0x000004dc       0x90 ./cola.o
 .debug_frame   0x0000056c      0x39c ./lcd.o
 .debug_frame   0x00000908      0x110 ./led.o
 .debug_frame   0x00000a18       0x30 ./main.o
 .debug_frame   0x00000a48      0x110 ./sudoku_2025.o
 .debug_frame   0x00000b58       0x58 ./timer.o
 .debug_frame   0x00000bb0       0x5c ./timer1.o
 .debug_frame   0x00000c0c       0x98 ./timer2.o
 .debug_frame   0x00000ca4      0x11c ./timer3.o
 .debug_frame   0x00000dc0      0x258 ./tp.o
 .debug_frame   0x00001018       0x20 c:/program files/eclipsearm/sourcery-g++-lite-arm-2011.03/bin/../lib/gcc/arm-none-eabi/4.5.2\libgcc.a(_udivsi3.o)
 .debug_frame   0x00001038       0x20 c:/program files/eclipsearm/sourcery-g++-lite-arm-2011.03/bin/../lib/gcc/arm-none-eabi/4.5.2\libgcc.a(_divsi3.o)
 .debug_frame   0x00001058       0x50 c:/program files/eclipsearm/sourcery-g++-lite-arm-2011.03/bin/../lib/gcc/arm-none-eabi/4.5.2\libgcc.a(bpabi.o)
 .debug_frame   0x000010a8       0x3c c:/program files/eclipsearm/sourcery-g++-lite-arm-2011.03/bin/../lib/gcc/arm-none-eabi/4.5.2\libgcc.a(_divdi3.o)
 .debug_frame   0x000010e4       0x3c c:/program files/eclipsearm/sourcery-g++-lite-arm-2011.03/bin/../lib/gcc/arm-none-eabi/4.5.2\libgcc.a(_udivdi3.o)
 .debug_frame   0x00001120       0x20 c:/program files/eclipsearm/sourcery-g++-lite-arm-2011.03/bin/../lib/gcc/arm-none-eabi/4.5.2/../../../../arm-none-eabi/lib\libc.a(lib_a-strlen.o)
OUTPUT(practica3.elf elf32-littlearm)

.debug_aranges  0x00000000      0x200
 .debug_aranges
                0x00000000       0x20 ./common/44binit.o
 .debug_aranges
                0x00000020       0x20 ./common/44blib.o
 .debug_aranges
                0x00000040       0x20 ./8led.o
 .debug_aranges
                0x00000060       0x20 ./Bmp.o
 .debug_aranges
                0x00000080       0x20 ./button.o
 .debug_aranges
                0x000000a0       0x20 ./cola.o
 .debug_aranges
                0x000000c0       0x20 ./init_b.o
 .debug_aranges
                0x000000e0       0x20 ./lcd.o
 .debug_aranges
                0x00000100       0x20 ./led.o
 .debug_aranges
                0x00000120       0x20 ./main.o
 .debug_aranges
                0x00000140       0x20 ./sudoku_2025.o
 .debug_aranges
                0x00000160       0x20 ./timer.o
 .debug_aranges
                0x00000180       0x20 ./timer1.o
 .debug_aranges
                0x000001a0       0x20 ./timer2.o
 .debug_aranges
                0x000001c0       0x20 ./timer3.o
 .debug_aranges
                0x000001e0       0x20 ./tp.o

.debug_macinfo  0x00000000    0x515cd
 .debug_macinfo
                0x00000000     0x82fb ./common/44blib.o
 .debug_macinfo
                0x000082fb     0x2297 ./common/AscII6x8.o
 .debug_macinfo
                0x0000a592     0x2297 ./common/AscII8x16.o
 .debug_macinfo
                0x0000c829     0x50b3 ./8led.o
 .debug_macinfo
                0x000118dc     0x289a ./Bmp.o
 .debug_macinfo
                0x00014176     0x724b ./button.o
 .debug_macinfo
                0x0001b3c1     0x2a30 ./cola.o
 .debug_macinfo
                0x0001ddf1     0x73a5 ./lcd.o
 .debug_macinfo
                0x00025196     0x50b2 ./led.o
 .debug_macinfo
                0x0002a248     0x727c ./main.o
 .debug_macinfo
                0x000314c4     0x3f4d ./sudoku_2025.o
 .debug_macinfo
                0x00035411     0x50c3 ./timer.o
 .debug_macinfo
                0x0003a4d4     0x5103 ./timer1.o
 .debug_macinfo
                0x0003f5d7     0x50b5 ./timer2.o
 .debug_macinfo
                0x0004468c     0x5a96 ./timer3.o
 .debug_macinfo
                0x0004a122     0x74ab ./tp.o

.debug_loc      0x00000000     0x1448
 .debug_loc     0x00000000      0x23c ./common/44blib.o
 .debug_loc     0x0000023c       0x58 ./8led.o
 .debug_loc     0x00000294      0x134 ./Bmp.o
 .debug_loc     0x000003c8      0x268 ./button.o
 .debug_loc     0x00000630       0xb0 ./cola.o
 .debug_loc     0x000006e0      0x4d0 ./lcd.o
 .debug_loc     0x00000bb0      0x160 ./led.o
 .debug_loc     0x00000d10       0x2c ./main.o
 .debug_loc     0x00000d3c      0x160 ./sudoku_2025.o
 .debug_loc     0x00000e9c       0x58 ./timer.o
 .debug_loc     0x00000ef4       0x58 ./timer1.o
 .debug_loc     0x00000f4c       0xb0 ./timer2.o
 .debug_loc     0x00000ffc      0x160 ./timer3.o
 .debug_loc     0x0000115c      0x2ec ./tp.o

.debug_pubnames
                0x00000000      0x958
 .debug_pubnames
                0x00000000       0xf7 ./common/44blib.o
 .debug_pubnames
                0x000000f7       0x25 ./common/AscII6x8.o
 .debug_pubnames
                0x0000011c       0x26 ./common/AscII8x16.o
 .debug_pubnames
                0x00000142       0x32 ./8led.o
 .debug_pubnames
                0x00000174       0xcd ./Bmp.o
 .debug_pubnames
                0x00000241       0x90 ./button.o
 .debug_pubnames
                0x000002d1       0x71 ./cola.o
 .debug_pubnames
                0x00000342      0x240 ./lcd.o
 .debug_pubnames
                0x00000582       0x7d ./led.o
 .debug_pubnames
                0x000005ff       0x8f ./main.o
 .debug_pubnames
                0x0000068e       0x7f ./sudoku_2025.o
 .debug_pubnames
                0x0000070d       0x3f ./timer.o
 .debug_pubnames
                0x0000074c       0x31 ./timer1.o
 .debug_pubnames
                0x0000077d       0x53 ./timer2.o
 .debug_pubnames
                0x000007d0       0x66 ./timer3.o
 .debug_pubnames
                0x00000836      0x122 ./tp.o

.debug_pubtypes
                0x00000000      0x22f
 .debug_pubtypes
                0x00000000       0x12 ./common/44blib.o
 .debug_pubtypes
                0x00000012       0x2d ./Bmp.o
 .debug_pubtypes
                0x0000003f       0x53 ./button.o
 .debug_pubtypes
                0x00000092       0x48 ./cola.o
 .debug_pubtypes
                0x000000da       0x50 ./lcd.o
 .debug_pubtypes
                0x0000012a       0x5f ./main.o
 .debug_pubtypes
                0x00000189       0x40 ./sudoku_2025.o
 .debug_pubtypes
                0x000001c9       0x54 ./timer3.o
 .debug_pubtypes
                0x0000021d       0x12 ./tp.o

.debug_str      0x00000000     0x120c
 .debug_str     0x00000000      0x1a8 ./common/44blib.o
                                0x1e6 (size before relaxing)
 .debug_str     0x000001a8       0x24 ./common/AscII6x8.o
                                 0x78 (size before relaxing)
 .debug_str     0x000001cc       0x26 ./common/AscII8x16.o
                                 0x7a (size before relaxing)
 .debug_str     0x000001f2       0x6c ./8led.o
                                 0xb2 (size before relaxing)
 .debug_str     0x0000025e       0xfc ./Bmp.o
                                0x16a (size before relaxing)
 .debug_str     0x0000035a      0x38e ./button.o
                                0x470 (size before relaxing)
 .debug_str     0x000006e8       0x9e ./cola.o
                                0x180 (size before relaxing)
 .debug_str     0x00000786      0x40c ./lcd.o
                                0x64d (size before relaxing)
 .debug_str     0x00000b92       0x68 ./led.o
                                 0xa1 (size before relaxing)
 .debug_str     0x00000bfa       0x6e ./main.o
                                0x271 (size before relaxing)
 .debug_str     0x00000c68       0xf7 ./sudoku_2025.o
                                0x2e3 (size before relaxing)
 .debug_str     0x00000d5f       0x2c ./timer.o
                                 0x65 (size before relaxing)
 .debug_str     0x00000d8b       0x42 ./timer1.o
                                 0x88 (size before relaxing)
 .debug_str     0x00000dcd       0x91 ./timer2.o
                                 0xe1 (size before relaxing)
 .debug_str     0x00000e5e      0x18c ./timer3.o
                                0x28f (size before relaxing)
 .debug_str     0x00000fea      0x222 ./tp.o
                                0x33e (size before relaxing)
