Archive member included because of file (symbol)

c:/program files/eclipsearm/sourcery-g++-lite-arm-2011.03/bin/../lib/gcc/arm-none-eabi/4.5.2\libgcc.a(_udivsi3.o)
                              ./tp.o (__aeabi_uidiv)
c:/program files/eclipsearm/sourcery-g++-lite-arm-2011.03/bin/../lib/gcc/arm-none-eabi/4.5.2\libgcc.a(_divsi3.o)
                              ./common/44blib.o (__aeabi_idiv)
c:/program files/eclipsearm/sourcery-g++-lite-arm-2011.03/bin/../lib/gcc/arm-none-eabi/4.5.2\libgcc.a(_dvmd_tls.o)
                              c:/program files/eclipsearm/sourcery-g++-lite-arm-2011.03/bin/../lib/gcc/arm-none-eabi/4.5.2\libgcc.a(_udivsi3.o) (__aeabi_idiv0)
c:/program files/eclipsearm/sourcery-g++-lite-arm-2011.03/bin/../lib/gcc/arm-none-eabi/4.5.2\libgcc.a(_arm_addsubdf3.o)
                              ./common/44blib.o (__aeabi_dadd)
c:/program files/eclipsearm/sourcery-g++-lite-arm-2011.03/bin/../lib/gcc/arm-none-eabi/4.5.2\libgcc.a(_arm_muldivdf3.o)
                              ./common/44blib.o (__aeabi_ddiv)
c:/program files/eclipsearm/sourcery-g++-lite-arm-2011.03/bin/../lib/gcc/arm-none-eabi/4.5.2\libgcc.a(_arm_fixdfsi.o)
                              ./common/44blib.o (__aeabi_d2iz)
c:/program files/eclipsearm/sourcery-g++-lite-arm-2011.03/bin/../lib/gcc/arm-none-eabi/4.5.2\libgcc.a(_aeabi_ldivmod.o)
                              ./tp.o (__aeabi_ldivmod)
c:/program files/eclipsearm/sourcery-g++-lite-arm-2011.03/bin/../lib/gcc/arm-none-eabi/4.5.2\libgcc.a(bpabi.o)
                              c:/program files/eclipsearm/sourcery-g++-lite-arm-2011.03/bin/../lib/gcc/arm-none-eabi/4.5.2\libgcc.a(_aeabi_ldivmod.o) (__gnu_ldivmod_helper)
c:/program files/eclipsearm/sourcery-g++-lite-arm-2011.03/bin/../lib/gcc/arm-none-eabi/4.5.2\libgcc.a(_divdi3.o)
                              c:/program files/eclipsearm/sourcery-g++-lite-arm-2011.03/bin/../lib/gcc/arm-none-eabi/4.5.2\libgcc.a(bpabi.o) (__divdi3)
c:/program files/eclipsearm/sourcery-g++-lite-arm-2011.03/bin/../lib/gcc/arm-none-eabi/4.5.2\libgcc.a(_udivdi3.o)
                              c:/program files/eclipsearm/sourcery-g++-lite-arm-2011.03/bin/../lib/gcc/arm-none-eabi/4.5.2\libgcc.a(bpabi.o) (__udivdi3)
c:/program files/eclipsearm/sourcery-g++-lite-arm-2011.03/bin/../lib/gcc/arm-none-eabi/4.5.2\libgcc.a(_clzsi2.o)
                              c:/program files/eclipsearm/sourcery-g++-lite-arm-2011.03/bin/../lib/gcc/arm-none-eabi/4.5.2\libgcc.a(_divdi3.o) (__clzsi2)
c:/program files/eclipsearm/sourcery-g++-lite-arm-2011.03/bin/../lib/gcc/arm-none-eabi/4.5.2/../../../../arm-none-eabi/lib\libc.a(lib_a-strlen.o)
                              ./lcd.o (strlen)

Allocating common symbols
Common symbol       size              file

ucCursorBackUp      0x78              ./Bmp.o
ulMouseY            0x2               ./Bmp.o
Ymin                0x4               ./main.o
Xmax                0x4               ./main.o
fileSize            0x4               ./common/44blib.o
ulMouseX            0x2               ./Bmp.o
Vx                  0x4               ./main.o
Ymax                0x4               ./main.o
oneTouch            0x4               ./main.o
Vy                  0x4               ./main.o
Xmin                0x4               ./main.o
downPt              0x4               ./common/44blib.o
CheckTSP            0x4               ./main.o

Memory Configuration

Name             Origin             Length             Attributes
*default*        0x00000000         0xffffffff

Linker script and memory map

LOAD ./common/44binit.o
LOAD ./common/44blib.o
LOAD ./common/AscII6x8.o
LOAD ./common/AscII8x16.o
LOAD ./8led.o
LOAD ./Bmp.o
LOAD ./button.o
LOAD ./cola.o
LOAD ./init_b.o
LOAD ./lcd.o
LOAD ./led.o
LOAD ./main.o
LOAD ./maquina_estados.o
LOAD ./sudoku_2025.o
LOAD ./timer.o
LOAD ./timer1.o
LOAD ./timer2.o
LOAD ./timer3.o
LOAD ./tp.o
START GROUP
LOAD c:/program files/eclipsearm/sourcery-g++-lite-arm-2011.03/bin/../lib/gcc/arm-none-eabi/4.5.2\libgcc.a
LOAD c:/program files/eclipsearm/sourcery-g++-lite-arm-2011.03/bin/../lib/gcc/arm-none-eabi/4.5.2/../../../../arm-none-eabi/lib\libc.a
END GROUP
                0x0c000000                . = 0xc000000
                0x0c000000                Image_RO_Base = .

.text           0x0c000000     0xceb4
 *(.text)
 .text          0x0c000000      0x70c ./common/44binit.o
 .text          0x0c00070c      0x8bc ./common/44blib.o
                0x0c00070c                Delay
                0x0c000844                DelayMs
                0x0c0008a8                DelayTime
                0x0c0008f0                Port_Init
                0x0c000a80                Uart_Init
                0x0c000ca8                Timer_Start
                0x0c000d1c                Timer_Stop
                0x0c000d5c                Beep
                0x0c000dc0                ChangePllValue
                0x0c000e0c                malloc
                0x0c000eac                free
                0x0c000edc                Cache_Flush
                0x0c000f58                sys_init
 .text          0x0c000fc8        0x0 ./common/AscII6x8.o
 .text          0x0c000fc8        0x0 ./common/AscII8x16.o
 .text          0x0c000fc8       0x78 ./8led.o
                0x0c000fc8                D8Led_init
                0x0c000fec                D8Led_symbol
 .text          0x0c001040      0x800 ./Bmp.o
                0x0c001040                BitmapView
                0x0c0011cc                BitmapPush
                0x0c001438                BitmapPop
                0x0c0016c4                CursorInit
                0x0c001718                CursorPush
                0x0c001774                CursorPop
                0x0c0017d0                CursorView
 .text          0x0c001840      0x1d0 ./button.o
                0x0c001870                Eint4567_ISR
                0x0c001920                Eint4567_init
 .text          0x0c001a10      0x270 ./cola.o
                0x0c001a10                cola_init
                0x0c001b04                cola_depuracion
                0x0c001c28                cola_get_num_eventos
                0x0c001c54                cola_get_indice
 .text          0x0c001c80      0x48c ./init_b.o
                0x0c001c80                candidatos_propagar_arm
                0x0c001d98                candidatos_actualizar_arm_arm
                0x0c001e78                candidatos_actualizar_arm_c
                0x0c001f58                candidatos_actualizar_all
 .text          0x0c00210c     0x479c ./lcd.o
                0x0c0021d0                Lcd_Init
                0x0c002364                Lcd_Active_Clr
                0x0c0023cc                LCD_GetPixel
                0x0c00249c                Lcd_Clr
                0x0c002508                LcdClrRect
                0x0c002b58                Lcd_Draw_Box
                0x0c002bf4                Lcd_Draw_Line
                0x0c00354c                Lcd_Draw_HLine
                0x0c003754                Lcd_Draw_VLine
                0x0c00398c                Lcd_DisplayString
                0x0c0039b8                Lcd_DspAscII8x16
                0x0c003ccc                Lcd_DspAscII6x8
                0x0c003e90                ReverseLine
                0x0c003f84                Zdma0Done
                0x0c003fc4                Lcd_Dma_Trans
                0x0c00409c                Lcd_Test
                0x0c004280                Sudoku_Pantalla_Inicial
                0x0c0043b0                Sudoku_Dibujar_Numero_En_Celda
                0x0c004600                Sudoku_Dibujar_Candidatos_En_Celda
                0x0c005088                Sudoku_Actualizar_Tablero_Completo
                0x0c0051a8                Sudoku_Actualizar_Tiempo
                0x0c0053fc                Sudoku_Pantalla_Final
                0x0c0055b4                Sudoku_Dibujar_Tablero
                0x0c005954                Sudoku_Procesar_Touch
                0x0c005e28                Sudoku_Redibujar_Region_Expandida
                0x0c006174                Sudoku_Mostrar_Region_Expandida
                0x0c0062ec                Sudoku_Esta_Region_Expandida_Activa
                0x0c006314                Sudoku_Hay_Celda_Seleccionada
                0x0c006378                Sudoku_Obtener_Celda_Seleccionada
                0x0c00641c                Sudoku_Cerrar_Region_Expandida
                0x0c006494                Sudoku_Procesar_Touch_Region_Expandida
 .text          0x0c0068a8      0x23c ./led.o
                0x0c0068a8                leds_on
                0x0c0068c8                leds_off
                0x0c0068e8                led1_on
                0x0c006928                led1_off
                0x0c006968                led2_on
                0x0c0069a8                led2_off
                0x0c0069e8                leds_switch
                0x0c006a28                Led_Display
 .text          0x0c006ae4      0x138 ./main.o
                0x0c006ae4                Main
 .text          0x0c006c1c     0x1518 ./maquina_estados.o
                0x0c0071bc                Sudoku_Obtener_Estado
                0x0c0071e8                Sudoku_Partida_Terminada
                0x0c007220                Sudoku_Juego_En_Progreso
                0x0c007274                Sudoku_Obtener_Tiempo_Inicio
                0x0c00729c                Sudoku_Cambiar_Estado
                0x0c007d88                Maquina_Procesar_Boton
                0x0c007fec                Maquina_Procesar_Touch
 .text          0x0c008134      0x898 ./sudoku_2025.o
                0x0c0081d8                candidatos_propagar_c
                0x0c0083ac                candidatos_actualizar_c
                0x0c008544                candidatos_actualizar_c_arm
                0x0c0087d0                sudoku9x9
                0x0c008964                main
 .text          0x0c0089cc      0x108 ./timer.o
                0x0c0089cc                timer_ISR
                0x0c008a14                timer_init
 .text          0x0c008ad4      0x1ac ./timer1.o
                0x0c008ad4                timer1_ISR
                0x0c008b78                timer1_init
 .text          0x0c008c80      0x27c ./timer2.o
                0x0c008c80                timer2_ISR
                0x0c008cd0                timer2_init
                0x0c008df8                timer2_start
                0x0c008e88                timer2_count
 .text          0x0c008efc      0x71c ./timer3.o
                0x0c0090bc                timer3_init
                0x0c0091e8                timer3_start_antirrebote
                0x0c0092f4                timer3_esta_ocupado
                0x0c00932c                timer3_ISR
 .text          0x0c009618     0x22e0 ./tp.o
                0x0c009618                TS_Test
                0x0c00963c                TSInt
                0x0c009bfc                TS_init
                0x0c009ce8                TS_close
                0x0c009d28                Lcd_TC
                0x0c00a0a0                DesignREC
                0x0c00a1d4                Check_Sel
                0x0c00a608                report_touch_data
                0x0c00abac                ts_calibrate_5pt
                0x0c00b088                ts_read_calibrated
                0x0c00b294                ts_test_calibracion
                0x0c00b448                ts_test_numeros
 .text          0x0c00b8f8      0x114 c:/program files/eclipsearm/sourcery-g++-lite-arm-2011.03/bin/../lib/gcc/arm-none-eabi/4.5.2\libgcc.a(_udivsi3.o)
                0x0c00b8f8                __aeabi_uidiv
                0x0c00b8f8                __udivsi3
                0x0c00b9ec                __aeabi_uidivmod
 .text          0x0c00ba0c      0x148 c:/program files/eclipsearm/sourcery-g++-lite-arm-2011.03/bin/../lib/gcc/arm-none-eabi/4.5.2\libgcc.a(_divsi3.o)
                0x0c00ba0c                __divsi3
                0x0c00ba0c                __aeabi_idiv
                0x0c00bb34                __aeabi_idivmod
 .text          0x0c00bb54        0x4 c:/program files/eclipsearm/sourcery-g++-lite-arm-2011.03/bin/../lib/gcc/arm-none-eabi/4.5.2\libgcc.a(_dvmd_tls.o)
                0x0c00bb54                __aeabi_idiv0
                0x0c00bb54                __aeabi_ldiv0
 .text          0x0c00bb58      0x41c c:/program files/eclipsearm/sourcery-g++-lite-arm-2011.03/bin/../lib/gcc/arm-none-eabi/4.5.2\libgcc.a(_arm_addsubdf3.o)
                0x0c00bb58                __aeabi_drsub
                0x0c00bb60                __aeabi_dsub
                0x0c00bb60                __subdf3
                0x0c00bb64                __aeabi_dadd
                0x0c00bb64                __adddf3
                0x0c00be74                __floatunsidf
                0x0c00be74                __aeabi_ui2d
                0x0c00be98                __floatsidf
                0x0c00be98                __aeabi_i2d
                0x0c00bec0                __aeabi_f2d
                0x0c00bec0                __extendsfdf2
                0x0c00bf00                __floatundidf
                0x0c00bf00                __aeabi_ul2d
                0x0c00bf14                __floatdidf
                0x0c00bf14                __aeabi_l2d
 .text          0x0c00bf74      0x49c c:/program files/eclipsearm/sourcery-g++-lite-arm-2011.03/bin/../lib/gcc/arm-none-eabi/4.5.2\libgcc.a(_arm_muldivdf3.o)
                0x0c00bf74                __aeabi_dmul
                0x0c00bf74                __muldf3
                0x0c00c204                __divdf3
                0x0c00c204                __aeabi_ddiv
 .text          0x0c00c410       0x5c c:/program files/eclipsearm/sourcery-g++-lite-arm-2011.03/bin/../lib/gcc/arm-none-eabi/4.5.2\libgcc.a(_arm_fixdfsi.o)
                0x0c00c410                __aeabi_d2iz
                0x0c00c410                __fixdfsi
 .text          0x0c00c46c       0x44 c:/program files/eclipsearm/sourcery-g++-lite-arm-2011.03/bin/../lib/gcc/arm-none-eabi/4.5.2\libgcc.a(_aeabi_ldivmod.o)
                0x0c00c46c                __aeabi_ldivmod
 .text          0x0c00c4b0       0x80 c:/program files/eclipsearm/sourcery-g++-lite-arm-2011.03/bin/../lib/gcc/arm-none-eabi/4.5.2\libgcc.a(bpabi.o)
                0x0c00c4b0                __gnu_ldivmod_helper
                0x0c00c4f0                __gnu_uldivmod_helper
 .text          0x0c00c530      0x4a8 c:/program files/eclipsearm/sourcery-g++-lite-arm-2011.03/bin/../lib/gcc/arm-none-eabi/4.5.2\libgcc.a(_divdi3.o)
                0x0c00c530                __divdi3
 .text          0x0c00c9d8      0x434 c:/program files/eclipsearm/sourcery-g++-lite-arm-2011.03/bin/../lib/gcc/arm-none-eabi/4.5.2\libgcc.a(_udivdi3.o)
                0x0c00c9d8                __udivdi3
 .text          0x0c00ce0c       0x48 c:/program files/eclipsearm/sourcery-g++-lite-arm-2011.03/bin/../lib/gcc/arm-none-eabi/4.5.2\libgcc.a(_clzsi2.o)
                0x0c00ce0c                __clzsi2
 .text          0x0c00ce54       0x60 c:/program files/eclipsearm/sourcery-g++-lite-arm-2011.03/bin/../lib/gcc/arm-none-eabi/4.5.2/../../../../arm-none-eabi/lib\libc.a(lib_a-strlen.o)
                0x0c00ce54                strlen
                0x0c00ceb4                Image_RO_Limit = .
                0x0c00ceb4                Image_RW_Base = .

.glue_7         0x0c00ceb4        0x0
 .glue_7        0x00000000        0x0 linker stubs

.glue_7t        0x0c00ceb4        0x0
 .glue_7t       0x00000000        0x0 linker stubs

.vfp11_veneer   0x0c00ceb4        0x0
 .vfp11_veneer  0x00000000        0x0 linker stubs

.v4_bx          0x0c00ceb4        0x0
 .v4_bx         0x00000000        0x0 linker stubs

.data           0x0c00cec0     0x14e0
 *(.data)
 .data          0x0c00cec0        0x6 ./common/44binit.o
                0x0c00cec0                BDRAMTYPE
 *fill*         0x0c00cec6        0x2 00
 .data          0x0c00cec8        0xc ./common/44blib.o
                0x0c00cec8                mallocPt
                0x0c00cecc                run
 .data          0x0c00ced4        0x0 ./common/AscII6x8.o
 .data          0x0c00ced4        0x0 ./common/AscII8x16.o
 .data          0x0c00ced4       0x44 ./8led.o
 .data          0x0c00cf18       0x10 ./Bmp.o
                0x0c00cf18                Stru_Bitmap_gbMouse
 .data          0x0c00cf28        0x0 ./button.o
 .data          0x0c00cf28        0x4 ./cola.o
                0x0c00cf28                cola_global
 .data          0x0c00cf2c        0x0 ./init_b.o
 .data          0x0c00cf2c        0xc ./lcd.o
 .data          0x0c00cf38        0x0 ./led.o
 *fill*         0x0c00cf38        0x8 00
 .data          0x0c00cf40      0x6e0 ./main.o
                0x0c00d600                cuadricula
 .data          0x0c00d620      0x6c0 ./maquina_estados.o
 .data          0x0c00dce0      0x6c0 ./sudoku_2025.o
 .data          0x0c00e3a0        0x0 ./timer.o
 .data          0x0c00e3a0        0x0 ./timer1.o
 .data          0x0c00e3a0        0x0 ./timer2.o
 .data          0x0c00e3a0        0x0 ./timer3.o
 .data          0x0c00e3a0        0x0 ./tp.o
 .data          0x0c00e3a0        0x0 c:/program files/eclipsearm/sourcery-g++-lite-arm-2011.03/bin/../lib/gcc/arm-none-eabi/4.5.2\libgcc.a(_udivsi3.o)
 .data          0x0c00e3a0        0x0 c:/program files/eclipsearm/sourcery-g++-lite-arm-2011.03/bin/../lib/gcc/arm-none-eabi/4.5.2\libgcc.a(_divsi3.o)
 .data          0x0c00e3a0        0x0 c:/program files/eclipsearm/sourcery-g++-lite-arm-2011.03/bin/../lib/gcc/arm-none-eabi/4.5.2\libgcc.a(_dvmd_tls.o)
 .data          0x0c00e3a0        0x0 c:/program files/eclipsearm/sourcery-g++-lite-arm-2011.03/bin/../lib/gcc/arm-none-eabi/4.5.2\libgcc.a(_arm_addsubdf3.o)
 .data          0x0c00e3a0        0x0 c:/program files/eclipsearm/sourcery-g++-lite-arm-2011.03/bin/../lib/gcc/arm-none-eabi/4.5.2\libgcc.a(_arm_muldivdf3.o)
 .data          0x0c00e3a0        0x0 c:/program files/eclipsearm/sourcery-g++-lite-arm-2011.03/bin/../lib/gcc/arm-none-eabi/4.5.2\libgcc.a(_arm_fixdfsi.o)
 .data          0x0c00e3a0        0x0 c:/program files/eclipsearm/sourcery-g++-lite-arm-2011.03/bin/../lib/gcc/arm-none-eabi/4.5.2\libgcc.a(_aeabi_ldivmod.o)
 .data          0x0c00e3a0        0x0 c:/program files/eclipsearm/sourcery-g++-lite-arm-2011.03/bin/../lib/gcc/arm-none-eabi/4.5.2\libgcc.a(bpabi.o)
 .data          0x0c00e3a0        0x0 c:/program files/eclipsearm/sourcery-g++-lite-arm-2011.03/bin/../lib/gcc/arm-none-eabi/4.5.2\libgcc.a(_divdi3.o)
 .data          0x0c00e3a0        0x0 c:/program files/eclipsearm/sourcery-g++-lite-arm-2011.03/bin/../lib/gcc/arm-none-eabi/4.5.2\libgcc.a(_udivdi3.o)
 .data          0x0c00e3a0        0x0 c:/program files/eclipsearm/sourcery-g++-lite-arm-2011.03/bin/../lib/gcc/arm-none-eabi/4.5.2\libgcc.a(_clzsi2.o)
 .data          0x0c00e3a0        0x0 c:/program files/eclipsearm/sourcery-g++-lite-arm-2011.03/bin/../lib/gcc/arm-none-eabi/4.5.2/../../../../arm-none-eabi/lib\libc.a(lib_a-strlen.o)

.rodata         0x0c00e3a0     0x1b10
 *(.rodata)
 .rodata        0x0c00e3a0      0x400 ./common/AscII6x8.o
                0x0c00e3a0                g_auc_Ascii6x8
 .rodata        0x0c00e7a0     0x1004 ./common/AscII8x16.o
                0x0c00e7a0                g_auc_Ascii8x16
 .rodata        0x0c00f7a4       0xf0 ./Bmp.o
                0x0c00f7a4                ucMouseMap
 .rodata        0x0c00f894      0x174 ./lcd.o
 *fill*         0x0c00fa08       0x18 00
 .rodata        0x0c00fa20      0x120 ./main.o
 .rodata        0x0c00fb40      0x120 ./maquina_estados.o
 .rodata        0x0c00fc60      0x140 ./sudoku_2025.o
 .rodata        0x0c00fda0      0x110 ./tp.o
                0x0c00feb0                Image_RW_Limit = .
                0x0c00feb0                Image_ZI_Base = .

.ARM.extab      0x0c00feb0        0x0
 .ARM.extab     0x0c00feb0        0x0 c:/program files/eclipsearm/sourcery-g++-lite-arm-2011.03/bin/../lib/gcc/arm-none-eabi/4.5.2\libgcc.a(_divdi3.o)
 .ARM.extab     0x0c00feb0        0x0 c:/program files/eclipsearm/sourcery-g++-lite-arm-2011.03/bin/../lib/gcc/arm-none-eabi/4.5.2\libgcc.a(_udivdi3.o)

.ARM.exidx      0x0c00feb0        0x8
 .ARM.exidx     0x0c00feb0        0x8 c:/program files/eclipsearm/sourcery-g++-lite-arm-2011.03/bin/../lib/gcc/arm-none-eabi/4.5.2\libgcc.a(_divdi3.o)
 .ARM.exidx     0x0c00feb8        0x0 c:/program files/eclipsearm/sourcery-g++-lite-arm-2011.03/bin/../lib/gcc/arm-none-eabi/4.5.2\libgcc.a(_udivdi3.o)
                                  0x8 (size before relaxing)

.bss            0x0c00feb8      0x128
 *(.bss)
 .bss           0x0c00feb8        0x0 ./common/44binit.o
 .bss           0x0c00feb8        0x4 ./common/44blib.o
                0x0c00feb8                restart
 .bss           0x0c00febc        0x0 ./common/AscII6x8.o
 .bss           0x0c00febc        0x0 ./common/AscII8x16.o
 .bss           0x0c00febc        0x0 ./8led.o
 .bss           0x0c00febc        0x0 ./Bmp.o
 .bss           0x0c00febc        0x0 ./button.o
 .bss           0x0c00febc        0x0 ./cola.o
 .bss           0x0c00febc        0x0 ./init_b.o
 .bss           0x0c00febc        0xc ./lcd.o
 .bss           0x0c00fec8        0x4 ./led.o
 .bss           0x0c00fecc        0x4 ./main.o
                0x0c00fecc                celdas_vacias
 .bss           0x0c00fed0       0x10 ./maquina_estados.o
 .bss           0x0c00fee0        0x0 ./sudoku_2025.o
 .bss           0x0c00fee0        0x4 ./timer.o
                0x0c00fee0                switch_leds
 .bss           0x0c00fee4        0x8 ./timer1.o
 .bss           0x0c00feec        0x4 ./timer2.o
 .bss           0x0c00fef0       0x1c ./timer3.o
 .bss           0x0c00ff0c       0x30 ./tp.o
 .bss           0x0c00ff3c        0x0 c:/program files/eclipsearm/sourcery-g++-lite-arm-2011.03/bin/../lib/gcc/arm-none-eabi/4.5.2\libgcc.a(_udivsi3.o)
 .bss           0x0c00ff3c        0x0 c:/program files/eclipsearm/sourcery-g++-lite-arm-2011.03/bin/../lib/gcc/arm-none-eabi/4.5.2\libgcc.a(_divsi3.o)
 .bss           0x0c00ff3c        0x0 c:/program files/eclipsearm/sourcery-g++-lite-arm-2011.03/bin/../lib/gcc/arm-none-eabi/4.5.2\libgcc.a(_dvmd_tls.o)
 .bss           0x0c00ff3c        0x0 c:/program files/eclipsearm/sourcery-g++-lite-arm-2011.03/bin/../lib/gcc/arm-none-eabi/4.5.2\libgcc.a(_arm_addsubdf3.o)
 .bss           0x0c00ff3c        0x0 c:/program files/eclipsearm/sourcery-g++-lite-arm-2011.03/bin/../lib/gcc/arm-none-eabi/4.5.2\libgcc.a(_arm_muldivdf3.o)
 .bss           0x0c00ff3c        0x0 c:/program files/eclipsearm/sourcery-g++-lite-arm-2011.03/bin/../lib/gcc/arm-none-eabi/4.5.2\libgcc.a(_arm_fixdfsi.o)
 .bss           0x0c00ff3c        0x0 c:/program files/eclipsearm/sourcery-g++-lite-arm-2011.03/bin/../lib/gcc/arm-none-eabi/4.5.2\libgcc.a(_aeabi_ldivmod.o)
 .bss           0x0c00ff3c        0x0 c:/program files/eclipsearm/sourcery-g++-lite-arm-2011.03/bin/../lib/gcc/arm-none-eabi/4.5.2\libgcc.a(bpabi.o)
 .bss           0x0c00ff3c        0x0 c:/program files/eclipsearm/sourcery-g++-lite-arm-2011.03/bin/../lib/gcc/arm-none-eabi/4.5.2\libgcc.a(_divdi3.o)
 .bss           0x0c00ff3c        0x0 c:/program files/eclipsearm/sourcery-g++-lite-arm-2011.03/bin/../lib/gcc/arm-none-eabi/4.5.2\libgcc.a(_udivdi3.o)
 .bss           0x0c00ff3c        0x0 c:/program files/eclipsearm/sourcery-g++-lite-arm-2011.03/bin/../lib/gcc/arm-none-eabi/4.5.2\libgcc.a(_clzsi2.o)
 .bss           0x0c00ff3c        0x0 c:/program files/eclipsearm/sourcery-g++-lite-arm-2011.03/bin/../lib/gcc/arm-none-eabi/4.5.2/../../../../arm-none-eabi/lib\libc.a(lib_a-strlen.o)
 COMMON         0x0c00ff3c        0x8 ./common/44blib.o
                0x0c00ff3c                fileSize
                0x0c00ff40                downPt
 COMMON         0x0c00ff44       0x7c ./Bmp.o
                0x0c00ff44                ucCursorBackUp
                0x0c00ffbc                ulMouseY
                0x0c00ffbe                ulMouseX
 COMMON         0x0c00ffc0       0x20 ./main.o
                0x0c00ffc0                Ymin
                0x0c00ffc4                Xmax
                0x0c00ffc8                Vx
                0x0c00ffcc                Ymax
                0x0c00ffd0                oneTouch
                0x0c00ffd4                Vy
                0x0c00ffd8                Xmin
                0x0c00ffdc                CheckTSP
                0x0c00ffe0                Image_ZI_Limit = .
                0x0c00ffe0                __bss_start__ = .
                0x0c00ffe0                __bss_end__ = .
                0x0c00ffe0                __EH_FRAME_BEGIN__ = .
                0x0c00ffe0                __EH_FRAME_END__ = .
                0x0c00ffe0                PROVIDE (__stack, .)
                0x0c00ffe0                end = .
                0x0c00ffe0                _end = .

.ARM.attributes
                0x00000000       0x2e
 .ARM.attributes
                0x00000000       0x22 ./common/44binit.o
 .ARM.attributes
                0x00000022       0x32 ./common/44blib.o
 .ARM.attributes
                0x00000054       0x32 ./common/AscII6x8.o
 .ARM.attributes
                0x00000086       0x32 ./common/AscII8x16.o
 .ARM.attributes
                0x000000b8       0x32 ./8led.o
 .ARM.attributes
                0x000000ea       0x32 ./Bmp.o
 .ARM.attributes
                0x0000011c       0x32 ./button.o
 .ARM.attributes
                0x0000014e       0x32 ./cola.o
 .ARM.attributes
                0x00000180       0x22 ./init_b.o
 .ARM.attributes
                0x000001a2       0x32 ./lcd.o
 .ARM.attributes
                0x000001d4       0x32 ./led.o
 .ARM.attributes
                0x00000206       0x32 ./main.o
 .ARM.attributes
                0x00000238       0x32 ./maquina_estados.o
 .ARM.attributes
                0x0000026a       0x32 ./sudoku_2025.o
 .ARM.attributes
                0x0000029c       0x32 ./timer.o
 .ARM.attributes
                0x000002ce       0x32 ./timer1.o
 .ARM.attributes
                0x00000300       0x32 ./timer2.o
 .ARM.attributes
                0x00000332       0x32 ./timer3.o
 .ARM.attributes
                0x00000364       0x32 ./tp.o
 .ARM.attributes
                0x00000396       0x1a c:/program files/eclipsearm/sourcery-g++-lite-arm-2011.03/bin/../lib/gcc/arm-none-eabi/4.5.2\libgcc.a(_udivsi3.o)
 .ARM.attributes
                0x000003b0       0x1a c:/program files/eclipsearm/sourcery-g++-lite-arm-2011.03/bin/../lib/gcc/arm-none-eabi/4.5.2\libgcc.a(_divsi3.o)
 .ARM.attributes
                0x000003ca       0x18 c:/program files/eclipsearm/sourcery-g++-lite-arm-2011.03/bin/../lib/gcc/arm-none-eabi/4.5.2\libgcc.a(_dvmd_tls.o)
 .ARM.attributes
                0x000003e2       0x1a c:/program files/eclipsearm/sourcery-g++-lite-arm-2011.03/bin/../lib/gcc/arm-none-eabi/4.5.2\libgcc.a(_arm_addsubdf3.o)
 .ARM.attributes
                0x000003fc       0x1a c:/program files/eclipsearm/sourcery-g++-lite-arm-2011.03/bin/../lib/gcc/arm-none-eabi/4.5.2\libgcc.a(_arm_muldivdf3.o)
 .ARM.attributes
                0x00000416       0x1a c:/program files/eclipsearm/sourcery-g++-lite-arm-2011.03/bin/../lib/gcc/arm-none-eabi/4.5.2\libgcc.a(_arm_fixdfsi.o)
 .ARM.attributes
                0x00000430       0x1a c:/program files/eclipsearm/sourcery-g++-lite-arm-2011.03/bin/../lib/gcc/arm-none-eabi/4.5.2\libgcc.a(_aeabi_ldivmod.o)
 .ARM.attributes
                0x0000044a       0x34 c:/program files/eclipsearm/sourcery-g++-lite-arm-2011.03/bin/../lib/gcc/arm-none-eabi/4.5.2\libgcc.a(bpabi.o)
 .ARM.attributes
                0x0000047e       0x34 c:/program files/eclipsearm/sourcery-g++-lite-arm-2011.03/bin/../lib/gcc/arm-none-eabi/4.5.2\libgcc.a(_divdi3.o)
 .ARM.attributes
                0x000004b2       0x34 c:/program files/eclipsearm/sourcery-g++-lite-arm-2011.03/bin/../lib/gcc/arm-none-eabi/4.5.2\libgcc.a(_udivdi3.o)
 .ARM.attributes
                0x000004e6       0x1a c:/program files/eclipsearm/sourcery-g++-lite-arm-2011.03/bin/../lib/gcc/arm-none-eabi/4.5.2\libgcc.a(_clzsi2.o)
 .ARM.attributes
                0x00000500       0x34 c:/program files/eclipsearm/sourcery-g++-lite-arm-2011.03/bin/../lib/gcc/arm-none-eabi/4.5.2/../../../../arm-none-eabi/lib\libc.a(lib_a-strlen.o)

.comment        0x00000000       0x2a
 .comment       0x00000000       0x2a ./common/44blib.o
                                 0x2b (size before relaxing)
 .comment       0x00000000       0x2b ./common/AscII6x8.o
 .comment       0x00000000       0x2b ./common/AscII8x16.o
 .comment       0x00000000       0x2b ./8led.o
 .comment       0x00000000       0x2b ./Bmp.o
 .comment       0x00000000       0x2b ./button.o
 .comment       0x00000000       0x2b ./cola.o
 .comment       0x00000000       0x2b ./lcd.o
 .comment       0x00000000       0x2b ./led.o
 .comment       0x00000000       0x2b ./main.o
 .comment       0x00000000       0x2b ./maquina_estados.o
 .comment       0x00000000       0x2b ./sudoku_2025.o
 .comment       0x00000000       0x2b ./timer.o
 .comment       0x00000000       0x2b ./timer1.o
 .comment       0x00000000       0x2b ./timer2.o
 .comment       0x00000000       0x2b ./timer3.o
 .comment       0x00000000       0x2b ./tp.o

.debug_info     0x00000000     0x3b27
 *(.debug_info)
 .debug_info    0x00000000       0x6c ./common/44binit.o
 .debug_info    0x0000006c      0x380 ./common/44blib.o
 .debug_info    0x000003ec       0x60 ./common/AscII6x8.o
 .debug_info    0x0000044c       0x60 ./common/AscII8x16.o
 .debug_info    0x000004ac      0x10d ./8led.o
 .debug_info    0x000005b9      0x33c ./Bmp.o
 .debug_info    0x000008f5       0xf7 ./button.o
 .debug_info    0x000009ec      0x1d4 ./cola.o
 .debug_info    0x00000bc0       0x64 ./init_b.o
 .debug_info    0x00000c24     0x1314 ./lcd.o
 .debug_info    0x00001f38       0xf6 ./led.o
 .debug_info    0x0000202e      0x296 ./main.o
 .debug_info    0x000022c4      0x663 ./maquina_estados.o
 .debug_info    0x00002927      0x4b4 ./sudoku_2025.o
 .debug_info    0x00002ddb       0x7a ./timer.o
 .debug_info    0x00002e55       0x82 ./timer1.o
 .debug_info    0x00002ed7       0xea ./timer2.o
 .debug_info    0x00002fc1      0x25e ./timer3.o
 .debug_info    0x0000321f      0x908 ./tp.o

.debug_line     0x00000000     0x284c
 *(.debug_line)
 .debug_line    0x00000000      0x10f ./common/44binit.o
 .debug_line    0x0000010f      0x400 ./common/44blib.o
 .debug_line    0x0000050f       0x3e ./common/AscII6x8.o
 .debug_line    0x0000054d       0x3f ./common/AscII8x16.o
 .debug_line    0x0000058c       0xa2 ./8led.o
 .debug_line    0x0000062e      0x113 ./Bmp.o
 .debug_line    0x00000741      0x1f5 ./button.o
 .debug_line    0x00000936      0x199 ./cola.o
 .debug_line    0x00000acf      0x16d ./init_b.o
 .debug_line    0x00000c3c      0x96e ./lcd.o
 .debug_line    0x000015aa       0xb5 ./led.o
 .debug_line    0x0000165f      0x263 ./main.o
 .debug_line    0x000018c2      0x49c ./maquina_estados.o
 .debug_line    0x00001d5e      0x2e6 ./sudoku_2025.o
 .debug_line    0x00002044       0xb2 ./timer.o
 .debug_line    0x000020f6       0xc0 ./timer1.o
 .debug_line    0x000021b6       0xc3 ./timer2.o
 .debug_line    0x00002279      0x224 ./timer3.o
 .debug_line    0x0000249d      0x3af ./tp.o

.debug_abbrev   0x00000000      0xf0d
 *(.debug_abbrev)
 .debug_abbrev  0x00000000       0x14 ./common/44binit.o
 .debug_abbrev  0x00000014      0x136 ./common/44blib.o
 .debug_abbrev  0x0000014a       0x4b ./common/AscII6x8.o
 .debug_abbrev  0x00000195       0x4b ./common/AscII8x16.o
 .debug_abbrev  0x000001e0       0xa7 ./8led.o
 .debug_abbrev  0x00000287       0xf8 ./Bmp.o
 .debug_abbrev  0x0000037f       0xa1 ./button.o
 .debug_abbrev  0x00000420       0xeb ./cola.o
 .debug_abbrev  0x0000050b       0x14 ./init_b.o
 .debug_abbrev  0x0000051f      0x259 ./lcd.o
 .debug_abbrev  0x00000778       0x69 ./led.o
 .debug_abbrev  0x000007e1       0xf2 ./main.o
 .debug_abbrev  0x000008d3      0x17c ./maquina_estados.o
 .debug_abbrev  0x00000a4f      0x103 ./sudoku_2025.o
 .debug_abbrev  0x00000b52       0x58 ./timer.o
 .debug_abbrev  0x00000baa       0x4c ./timer1.o
 .debug_abbrev  0x00000bf6       0x65 ./timer2.o
 .debug_abbrev  0x00000c5b      0x113 ./timer3.o
 .debug_abbrev  0x00000d6e      0x19f ./tp.o

.debug_frame    0x00000000     0x12f0
 *(.debug_frame)
 .debug_frame   0x00000000      0x1bc ./common/44blib.o
 .debug_frame   0x000001bc       0x50 ./8led.o
 .debug_frame   0x0000020c       0xf4 ./Bmp.o
 .debug_frame   0x00000300       0x7c ./button.o
 .debug_frame   0x0000037c       0x90 ./cola.o
 .debug_frame   0x0000040c      0x49c ./lcd.o
 .debug_frame   0x000008a8      0x110 ./led.o
 .debug_frame   0x000009b8       0x30 ./main.o
 .debug_frame   0x000009e8      0x210 ./maquina_estados.o
 .debug_frame   0x00000bf8      0x110 ./sudoku_2025.o
 .debug_frame   0x00000d08       0x58 ./timer.o
 .debug_frame   0x00000d60       0x5c ./timer1.o
 .debug_frame   0x00000dbc       0x98 ./timer2.o
 .debug_frame   0x00000e54      0x11c ./timer3.o
 .debug_frame   0x00000f70      0x258 ./tp.o
 .debug_frame   0x000011c8       0x20 c:/program files/eclipsearm/sourcery-g++-lite-arm-2011.03/bin/../lib/gcc/arm-none-eabi/4.5.2\libgcc.a(_udivsi3.o)
 .debug_frame   0x000011e8       0x20 c:/program files/eclipsearm/sourcery-g++-lite-arm-2011.03/bin/../lib/gcc/arm-none-eabi/4.5.2\libgcc.a(_divsi3.o)
 .debug_frame   0x00001208       0x50 c:/program files/eclipsearm/sourcery-g++-lite-arm-2011.03/bin/../lib/gcc/arm-none-eabi/4.5.2\libgcc.a(bpabi.o)
 .debug_frame   0x00001258       0x3c c:/program files/eclipsearm/sourcery-g++-lite-arm-2011.03/bin/../lib/gcc/arm-none-eabi/4.5.2\libgcc.a(_divdi3.o)
 .debug_frame   0x00001294       0x3c c:/program files/eclipsearm/sourcery-g++-lite-arm-2011.03/bin/../lib/gcc/arm-none-eabi/4.5.2\libgcc.a(_udivdi3.o)
 .debug_frame   0x000012d0       0x20 c:/program files/eclipsearm/sourcery-g++-lite-arm-2011.03/bin/../lib/gcc/arm-none-eabi/4.5.2/../../../../arm-none-eabi/lib\libc.a(lib_a-strlen.o)
OUTPUT(practica3.elf elf32-littlearm)

.debug_aranges  0x00000000      0x220
 .debug_aranges
                0x00000000       0x20 ./common/44binit.o
 .debug_aranges
                0x00000020       0x20 ./common/44blib.o
 .debug_aranges
                0x00000040       0x20 ./8led.o
 .debug_aranges
                0x00000060       0x20 ./Bmp.o
 .debug_aranges
                0x00000080       0x20 ./button.o
 .debug_aranges
                0x000000a0       0x20 ./cola.o
 .debug_aranges
                0x000000c0       0x20 ./init_b.o
 .debug_aranges
                0x000000e0       0x20 ./lcd.o
 .debug_aranges
                0x00000100       0x20 ./led.o
 .debug_aranges
                0x00000120       0x20 ./main.o
 .debug_aranges
                0x00000140       0x20 ./maquina_estados.o
 .debug_aranges
                0x00000160       0x20 ./sudoku_2025.o
 .debug_aranges
                0x00000180       0x20 ./timer.o
 .debug_aranges
                0x000001a0       0x20 ./timer1.o
 .debug_aranges
                0x000001c0       0x20 ./timer2.o
 .debug_aranges
                0x000001e0       0x20 ./timer3.o
 .debug_aranges
                0x00000200       0x20 ./tp.o

.debug_macinfo  0x00000000    0x543b6
 .debug_macinfo
                0x00000000     0x82fb ./common/44blib.o
 .debug_macinfo
                0x000082fb     0x2297 ./common/AscII6x8.o
 .debug_macinfo
                0x0000a592     0x2297 ./common/AscII8x16.o
 .debug_macinfo
                0x0000c829     0x50b3 ./8led.o
 .debug_macinfo
                0x000118dc     0x289a ./Bmp.o
 .debug_macinfo
                0x00014176     0x5b4f ./button.o
 .debug_macinfo
                0x00019cc5     0x2a30 ./cola.o
 .debug_macinfo
                0x0001c6f5     0x9110 ./lcd.o
 .debug_macinfo
                0x00025805     0x50b2 ./led.o
 .debug_macinfo
                0x0002a8b7     0x7257 ./main.o
 .debug_macinfo
                0x00031b0e     0x43fb ./maquina_estados.o
 .debug_macinfo
                0x00035f09     0x3f4d ./sudoku_2025.o
 .debug_macinfo
                0x00039e56     0x50c3 ./timer.o
 .debug_macinfo
                0x0003ef19     0x5103 ./timer1.o
 .debug_macinfo
                0x0004401c     0x50b5 ./timer2.o
 .debug_macinfo
                0x000490d1     0x5a96 ./timer3.o
 .debug_macinfo
                0x0004eb67     0x584f ./tp.o

.debug_loc      0x00000000     0x1684
 .debug_loc     0x00000000      0x23c ./common/44blib.o
 .debug_loc     0x0000023c       0x58 ./8led.o
 .debug_loc     0x00000294      0x134 ./Bmp.o
 .debug_loc     0x000003c8       0x84 ./button.o
 .debug_loc     0x0000044c       0xb0 ./cola.o
 .debug_loc     0x000004fc      0x630 ./lcd.o
 .debug_loc     0x00000b2c      0x160 ./led.o
 .debug_loc     0x00000c8c       0x2c ./main.o
 .debug_loc     0x00000cb8      0x2c0 ./maquina_estados.o
 .debug_loc     0x00000f78      0x160 ./sudoku_2025.o
 .debug_loc     0x000010d8       0x58 ./timer.o
 .debug_loc     0x00001130       0x58 ./timer1.o
 .debug_loc     0x00001188       0xb0 ./timer2.o
 .debug_loc     0x00001238      0x160 ./timer3.o
 .debug_loc     0x00001398      0x2ec ./tp.o

.debug_pubnames
                0x00000000      0xab1
 .debug_pubnames
                0x00000000       0xf7 ./common/44blib.o
 .debug_pubnames
                0x000000f7       0x25 ./common/AscII6x8.o
 .debug_pubnames
                0x0000011c       0x26 ./common/AscII8x16.o
 .debug_pubnames
                0x00000142       0x32 ./8led.o
 .debug_pubnames
                0x00000174       0xcd ./Bmp.o
 .debug_pubnames
                0x00000241       0x35 ./button.o
 .debug_pubnames
                0x00000276       0x71 ./cola.o
 .debug_pubnames
                0x000002e7      0x324 ./lcd.o
 .debug_pubnames
                0x0000060b       0x7d ./led.o
 .debug_pubnames
                0x00000688       0x88 ./main.o
 .debug_pubnames
                0x00000710       0xd7 ./maquina_estados.o
 .debug_pubnames
                0x000007e7       0x7f ./sudoku_2025.o
 .debug_pubnames
                0x00000866       0x3f ./timer.o
 .debug_pubnames
                0x000008a5       0x31 ./timer1.o
 .debug_pubnames
                0x000008d6       0x53 ./timer2.o
 .debug_pubnames
                0x00000929       0x66 ./timer3.o
 .debug_pubnames
                0x0000098f      0x122 ./tp.o

.debug_pubtypes
                0x00000000      0x1ff
 .debug_pubtypes
                0x00000000       0x12 ./common/44blib.o
 .debug_pubtypes
                0x00000012       0x2d ./Bmp.o
 .debug_pubtypes
                0x0000003f       0x12 ./button.o
 .debug_pubtypes
                0x00000051       0x48 ./cola.o
 .debug_pubtypes
                0x00000099       0x50 ./lcd.o
 .debug_pubtypes
                0x000000e9       0x29 ./main.o
 .debug_pubtypes
                0x00000112       0x59 ./maquina_estados.o
 .debug_pubtypes
                0x0000016b       0x40 ./sudoku_2025.o
 .debug_pubtypes
                0x000001ab       0x54 ./timer3.o

.debug_str      0x00000000     0x158a
 .debug_str     0x00000000      0x1a8 ./common/44blib.o
                                0x1e6 (size before relaxing)
 .debug_str     0x000001a8       0x24 ./common/AscII6x8.o
                                 0x78 (size before relaxing)
 .debug_str     0x000001cc       0x26 ./common/AscII8x16.o
                                 0x7a (size before relaxing)
 .debug_str     0x000001f2       0x6c ./8led.o
                                 0xb2 (size before relaxing)
 .debug_str     0x0000025e       0xfc ./Bmp.o
                                0x16a (size before relaxing)
 .debug_str     0x0000035a       0x75 ./button.o
                                0x132 (size before relaxing)
 .debug_str     0x000003cf       0xaf ./cola.o
                                0x180 (size before relaxing)
 .debug_str     0x0000047e      0x708 ./lcd.o
                                0x89f (size before relaxing)
 .debug_str     0x00000b86       0x68 ./led.o
                                 0xa1 (size before relaxing)
 .debug_str     0x00000bee      0x111 ./main.o
                                0x229 (size before relaxing)
 .debug_str     0x00000cff      0x293 ./maquina_estados.o
                                0x593 (size before relaxing)
 .debug_str     0x00000f92       0xf7 ./sudoku_2025.o
                                0x2e3 (size before relaxing)
 .debug_str     0x00001089       0x2c ./timer.o
                                 0x65 (size before relaxing)
 .debug_str     0x000010b5       0x42 ./timer1.o
                                 0x88 (size before relaxing)
 .debug_str     0x000010f7       0x91 ./timer2.o
                                 0xe1 (size before relaxing)
 .debug_str     0x00001188      0x185 ./timer3.o
                                0x28f (size before relaxing)
 .debug_str     0x0000130d      0x27d ./tp.o
                                0x338 (size before relaxing)

.debug_ranges   0x00000000       0x38
 .debug_ranges  0x00000000       0x38 ./maquina_estados.o
