Archive member included because of file (symbol)

c:/eclipsearm/sourcery-g++-lite-arm-2011.03/bin/../lib/gcc/arm-none-eabi/4.5.2\libgcc.a(_udivsi3.o)
                              ./tp.o (__aeabi_uidiv)
c:/eclipsearm/sourcery-g++-lite-arm-2011.03/bin/../lib/gcc/arm-none-eabi/4.5.2\libgcc.a(_divsi3.o)
                              ./common/44blib.o (__aeabi_idiv)
c:/eclipsearm/sourcery-g++-lite-arm-2011.03/bin/../lib/gcc/arm-none-eabi/4.5.2\libgcc.a(_dvmd_tls.o)
                              c:/eclipsearm/sourcery-g++-lite-arm-2011.03/bin/../lib/gcc/arm-none-eabi/4.5.2\libgcc.a(_udivsi3.o) (__aeabi_idiv0)
c:/eclipsearm/sourcery-g++-lite-arm-2011.03/bin/../lib/gcc/arm-none-eabi/4.5.2\libgcc.a(_arm_addsubdf3.o)
                              ./common/44blib.o (__aeabi_dadd)
c:/eclipsearm/sourcery-g++-lite-arm-2011.03/bin/../lib/gcc/arm-none-eabi/4.5.2\libgcc.a(_arm_muldivdf3.o)
                              ./common/44blib.o (__aeabi_ddiv)
c:/eclipsearm/sourcery-g++-lite-arm-2011.03/bin/../lib/gcc/arm-none-eabi/4.5.2\libgcc.a(_arm_fixdfsi.o)
                              ./common/44blib.o (__aeabi_d2iz)
c:/eclipsearm/sourcery-g++-lite-arm-2011.03/bin/../lib/gcc/arm-none-eabi/4.5.2/../../../../arm-none-eabi/lib\libc.a(lib_a-strlen.o)
                              ./lcd.o (strlen)

Allocating common symbols
Common symbol       size              file

ucCursorBackUp      0x78              ./Bmp.o
ulMouseY            0x2               ./Bmp.o
Ymin                0x4               ./button.o
Xmax                0x4               ./button.o
fileSize            0x4               ./common/44blib.o
yn                  0x1               ./main.o
ulMouseX            0x2               ./Bmp.o
Vx                  0x4               ./button.o
resta               0x4               ./timer2.o
Ymax                0x4               ./button.o
tiempo_fin          0x4               ./timer2.o
tiempo_inicio       0x4               ./timer2.o
oneTouch            0x4               ./button.o
Vy                  0x4               ./button.o
Xmin                0x4               ./button.o
downPt              0x4               ./common/44blib.o
CheckTSP            0x4               ./button.o

Memory Configuration

Name             Origin             Length             Attributes
*default*        0x00000000         0xffffffff

Linker script and memory map

LOAD ./common/44binit.o
LOAD ./common/44blib.o
LOAD ./common/AscII6x8.o
LOAD ./common/AscII8x16.o
LOAD ./8led.o
LOAD ./Bmp.o
LOAD ./button.o
LOAD ./calibrar.o
LOAD ./celda.o
LOAD ./cola.o
LOAD ./init_b.o
LOAD ./lcd.o
LOAD ./led.o
LOAD ./main.o
LOAD ./sudoku_2025.o
LOAD ./sudoku_lcd.o
LOAD ./tableros.o
LOAD ./timer.o
LOAD ./timer1.o
LOAD ./timer2.o
LOAD ./tp.o
START GROUP
LOAD c:/eclipsearm/sourcery-g++-lite-arm-2011.03/bin/../lib/gcc/arm-none-eabi/4.5.2\libgcc.a
LOAD c:/eclipsearm/sourcery-g++-lite-arm-2011.03/bin/../lib/gcc/arm-none-eabi/4.5.2/../../../../arm-none-eabi/lib\libc.a
END GROUP
                0x0c000000                . = 0xc000000
                0x0c000000                Image_RO_Base = .

.text           0x0c000000     0xa3b8
 *(.text)
 .text          0x0c000000      0x70c ./common/44binit.o
 .text          0x0c00070c      0x8bc ./common/44blib.o
                0x0c00070c                Delay
                0x0c000844                DelayMs
                0x0c0008a8                DelayTime
                0x0c0008f0                Port_Init
                0x0c000a80                Uart_Init
                0x0c000ca8                Timer_Start
                0x0c000d1c                Timer_Stop
                0x0c000d5c                Beep
                0x0c000dc0                ChangePllValue
                0x0c000e0c                malloc
                0x0c000eac                free
                0x0c000edc                Cache_Flush
                0x0c000f58                sys_init
 .text          0x0c000fc8        0x0 ./common/AscII6x8.o
 .text          0x0c000fc8        0x0 ./common/AscII8x16.o
 .text          0x0c000fc8       0x78 ./8led.o
                0x0c000fc8                D8Led_init
                0x0c000fec                D8Led_symbol
 .text          0x0c001040      0x800 ./Bmp.o
                0x0c001040                BitmapView
                0x0c0011cc                BitmapPush
                0x0c001438                BitmapPop
                0x0c0016c4                CursorInit
                0x0c001718                CursorPush
                0x0c001774                CursorPop
                0x0c0017d0                CursorView
 .text          0x0c001840     0x31c4 ./button.o
                0x0c0018a8                Eint4567_ISR
                0x0c001a78                Eint1_ISR
                0x0c001b18                Eint4567_init
                0x0c001c00                eint1_init
                0x0c001f64                procesar_maquina_estados_botones
                0x0c002040                procesar_teclado
                0x0c002188                leer_estado_boton
                0x0c0021fc                procesar_antirebote_botones
                0x0c0032e0                teclado_soltado
                0x0c00343c                marcar_pistas_iniciales
 .text          0x0c004a04        0x0 ./calibrar.o
 .text          0x0c004a04       0x38 ./celda.o
                0x0c004a04                celda_leer_valor
 .text          0x0c004a3c      0x1cc ./cola.o
                0x0c004a3c                cola_init
                0x0c004b1c                cola_depuracion
 .text          0x0c004c08      0x440 ./init_b.o
                0x0c004c08                candidatos_propagar_arm
                0x0c004d20                candidatos_actualizar_arm_c
                0x0c004dd0                candidatos_actualizar_arm
                0x0c004e80                candidatos_actualizar_all
 .text          0x0c005048     0x2088 ./lcd.o
                0x0c005048                Lcd_Init
                0x0c0051dc                Lcd_Active_Clr
                0x0c005244                LCD_GetPixel
                0x0c005314                Lcd_Clr
                0x0c005380                LcdClrRect
                0x0c0059d0                Lcd_Draw_Box
                0x0c005a6c                Lcd_Draw_Line
                0x0c0063c4                Lcd_Draw_HLine
                0x0c0065cc                Lcd_Draw_VLine
                0x0c006804                Lcd_DisplayString
                0x0c006830                Lcd_DspAscII8x16
                0x0c006b44                Lcd_DspAscII6x8
                0x0c006d08                ReverseLine
                0x0c006dfc                Zdma0Done
                0x0c006e3c                Lcd_Dma_Trans
                0x0c006eec                Lcd_Test
 .text          0x0c0070d0      0x268 ./led.o
                0x0c0070d0                leds_on
                0x0c0070f0                leds_off
                0x0c007110                led1_on
                0x0c007150                led1_off
                0x0c007190                led2_on
                0x0c0071c0                led2_off
                0x0c007200                leds_switch
                0x0c007240                led2_switch
                0x0c00727c                Led_Display
 .text          0x0c007338       0x44 ./main.o
                0x0c007338                Main
 .text          0x0c00737c      0x58c ./sudoku_2025.o
                0x0c0073d8                candidatos_propagar_c
                0x0c007628                candidatos_actualizar_c
 .text          0x0c007908      0xfa0 ./sudoku_lcd.o
                0x0c007908                sudoku_mostrar_pantalla_inicial
                0x0c007a18                sudoku_dibujar_marco_tablero
                0x0c007f28                sudoku_dibujar_celda_completa
                0x0c0083d8                sudoku_dibujar_numero_celda
                0x0c00842c                sudoku_resaltar_celda
                0x0c0085bc                sudoku_dibujar_tablero_completo
                0x0c008714                sudoku_actualizar_celda
                0x0c00882c                sudoku_mostrar_victoria
                0x0c008884                sudoku_iniciar_juego
 .text          0x0c0088a8        0x0 ./tableros.o
 .text          0x0c0088a8      0x108 ./timer.o
                0x0c0088a8                timer_ISR
                0x0c0088f0                timer_init
 .text          0x0c0089b0      0x138 ./timer1.o
                0x0c0089b0                timer1_ISR
                0x0c008a20                timer1_init
 .text          0x0c008ae8      0x26c ./timer2.o
                0x0c008ae8                timer2_ISR
                0x0c008b40                timer2_init
                0x0c008c20                timer2_start
                0x0c008cc4                timer2_count
                0x0c008d24                calibrar_timer2
 .text          0x0c008d54      0xa90 ./tp.o
                0x0c008d54                TS_Test
                0x0c008d78                TSInt
                0x0c009104                TS_init
                0x0c0091f0                TS_close
                0x0c009230                Lcd_TC
                0x0c0095a8                DesignREC
                0x0c0096dc                Check_Sel
 .text          0x0c0097e4      0x114 c:/eclipsearm/sourcery-g++-lite-arm-2011.03/bin/../lib/gcc/arm-none-eabi/4.5.2\libgcc.a(_udivsi3.o)
                0x0c0097e4                __aeabi_uidiv
                0x0c0097e4                __udivsi3
                0x0c0098d8                __aeabi_uidivmod
 .text          0x0c0098f8      0x148 c:/eclipsearm/sourcery-g++-lite-arm-2011.03/bin/../lib/gcc/arm-none-eabi/4.5.2\libgcc.a(_divsi3.o)
                0x0c0098f8                __divsi3
                0x0c0098f8                __aeabi_idiv
                0x0c009a20                __aeabi_idivmod
 .text          0x0c009a40        0x4 c:/eclipsearm/sourcery-g++-lite-arm-2011.03/bin/../lib/gcc/arm-none-eabi/4.5.2\libgcc.a(_dvmd_tls.o)
                0x0c009a40                __aeabi_idiv0
                0x0c009a40                __aeabi_ldiv0
 .text          0x0c009a44      0x41c c:/eclipsearm/sourcery-g++-lite-arm-2011.03/bin/../lib/gcc/arm-none-eabi/4.5.2\libgcc.a(_arm_addsubdf3.o)
                0x0c009a44                __aeabi_drsub
                0x0c009a4c                __aeabi_dsub
                0x0c009a4c                __subdf3
                0x0c009a50                __aeabi_dadd
                0x0c009a50                __adddf3
                0x0c009d60                __floatunsidf
                0x0c009d60                __aeabi_ui2d
                0x0c009d84                __floatsidf
                0x0c009d84                __aeabi_i2d
                0x0c009dac                __aeabi_f2d
                0x0c009dac                __extendsfdf2
                0x0c009dec                __floatundidf
                0x0c009dec                __aeabi_ul2d
                0x0c009e00                __floatdidf
                0x0c009e00                __aeabi_l2d
 .text          0x0c009e60      0x49c c:/eclipsearm/sourcery-g++-lite-arm-2011.03/bin/../lib/gcc/arm-none-eabi/4.5.2\libgcc.a(_arm_muldivdf3.o)
                0x0c009e60                __aeabi_dmul
                0x0c009e60                __muldf3
                0x0c00a0f0                __divdf3
                0x0c00a0f0                __aeabi_ddiv
 .text          0x0c00a2fc       0x5c c:/eclipsearm/sourcery-g++-lite-arm-2011.03/bin/../lib/gcc/arm-none-eabi/4.5.2\libgcc.a(_arm_fixdfsi.o)
                0x0c00a2fc                __aeabi_d2iz
                0x0c00a2fc                __fixdfsi
 .text          0x0c00a358       0x60 c:/eclipsearm/sourcery-g++-lite-arm-2011.03/bin/../lib/gcc/arm-none-eabi/4.5.2/../../../../arm-none-eabi/lib\libc.a(lib_a-strlen.o)
                0x0c00a358                strlen
                0x0c00a3b8                Image_RO_Limit = .
                0x0c00a3b8                Image_RW_Base = .

.glue_7         0x0c00a3b8        0x0
 .glue_7        0x00000000        0x0 linker stubs

.glue_7t        0x0c00a3b8        0x0
 .glue_7t       0x00000000        0x0 linker stubs

.vfp11_veneer   0x0c00a3b8        0x0
 .vfp11_veneer  0x00000000        0x0 linker stubs

.v4_bx          0x0c00a3b8        0x0
 .v4_bx         0x00000000        0x0 linker stubs

.data           0x0c00a3c0      0x660
 *(.data)
 .data          0x0c00a3c0        0x6 ./common/44binit.o
                0x0c00a3c0                BDRAMTYPE
 *fill*         0x0c00a3c6        0x2 00
 .data          0x0c00a3c8        0xc ./common/44blib.o
                0x0c00a3c8                mallocPt
                0x0c00a3cc                run
 .data          0x0c00a3d4        0x0 ./common/AscII6x8.o
 .data          0x0c00a3d4        0x0 ./common/AscII8x16.o
 .data          0x0c00a3d4       0x44 ./8led.o
 .data          0x0c00a418       0x10 ./Bmp.o
                0x0c00a418                Stru_Bitmap_gbMouse
 .data          0x0c00a428       0x34 ./button.o
 .data          0x0c00a45c        0x0 ./calibrar.o
 .data          0x0c00a45c        0x0 ./celda.o
 .data          0x0c00a45c        0x0 ./cola.o
 .data          0x0c00a45c        0x9 ./init_b.o
 .data          0x0c00a465        0x1 ./lcd.o
 .data          0x0c00a466        0x0 ./led.o
 .data          0x0c00a466        0x0 ./main.o
 .data          0x0c00a466        0x0 ./sudoku_2025.o
 .data          0x0c00a466        0x0 ./sudoku_lcd.o
 *fill*         0x0c00a466       0x1a 00
 .data          0x0c00a480      0x5a0 ./tableros.o
                0x0c00a480                cuadricula_C_C
                0x0c00a5a0                cuadricula_C_ARM
                0x0c00a6c0                cuadricula_ARM_C
                0x0c00a7e0                cuadricula_ARM_ARM
                0x0c00a900                solucion
 .data          0x0c00aa20        0x0 ./timer.o
 .data          0x0c00aa20        0x0 ./timer1.o
 .data          0x0c00aa20        0x0 ./timer2.o
 .data          0x0c00aa20        0x0 ./tp.o
 .data          0x0c00aa20        0x0 c:/eclipsearm/sourcery-g++-lite-arm-2011.03/bin/../lib/gcc/arm-none-eabi/4.5.2\libgcc.a(_udivsi3.o)
 .data          0x0c00aa20        0x0 c:/eclipsearm/sourcery-g++-lite-arm-2011.03/bin/../lib/gcc/arm-none-eabi/4.5.2\libgcc.a(_divsi3.o)
 .data          0x0c00aa20        0x0 c:/eclipsearm/sourcery-g++-lite-arm-2011.03/bin/../lib/gcc/arm-none-eabi/4.5.2\libgcc.a(_dvmd_tls.o)
 .data          0x0c00aa20        0x0 c:/eclipsearm/sourcery-g++-lite-arm-2011.03/bin/../lib/gcc/arm-none-eabi/4.5.2\libgcc.a(_arm_addsubdf3.o)
 .data          0x0c00aa20        0x0 c:/eclipsearm/sourcery-g++-lite-arm-2011.03/bin/../lib/gcc/arm-none-eabi/4.5.2\libgcc.a(_arm_muldivdf3.o)
 .data          0x0c00aa20        0x0 c:/eclipsearm/sourcery-g++-lite-arm-2011.03/bin/../lib/gcc/arm-none-eabi/4.5.2\libgcc.a(_arm_fixdfsi.o)
 .data          0x0c00aa20        0x0 c:/eclipsearm/sourcery-g++-lite-arm-2011.03/bin/../lib/gcc/arm-none-eabi/4.5.2/../../../../arm-none-eabi/lib\libc.a(lib_a-strlen.o)

.cola_debug     0x0c00aa20      0xc00
 .cola_debug    0x0c00aa20      0xc00 ./cola.o

.rodata         0x0c00b620     0x16f8
 *(.rodata)
 .rodata        0x0c00b620      0x400 ./common/AscII6x8.o
                0x0c00b620                g_auc_Ascii6x8
 .rodata        0x0c00ba20     0x1004 ./common/AscII8x16.o
                0x0c00ba20                g_auc_Ascii8x16
 .rodata        0x0c00ca24       0xf0 ./Bmp.o
                0x0c00ca24                ucMouseMap
 .rodata        0x0c00cb14       0xb0 ./button.o
 .rodata        0x0c00cbc4       0x14 ./lcd.o
 .rodata        0x0c00cbd8        0xc ./sudoku_2025.o
 .rodata        0x0c00cbe4       0xf4 ./sudoku_lcd.o
 .rodata        0x0c00ccd8       0x40 ./tp.o
                0x0c00cd18                Image_RW_Limit = .
                0x0c00cd18                Image_ZI_Base = .

.bss            0x0c00cd18      0x10c
 *(.bss)
 .bss           0x0c00cd18        0x0 ./common/44binit.o
 .bss           0x0c00cd18        0x4 ./common/44blib.o
                0x0c00cd18                restart
 .bss           0x0c00cd1c        0x0 ./common/AscII6x8.o
 .bss           0x0c00cd1c        0x0 ./common/AscII8x16.o
 .bss           0x0c00cd1c        0x0 ./8led.o
 .bss           0x0c00cd1c        0x0 ./Bmp.o
 .bss           0x0c00cd1c       0x3c ./button.o
 .bss           0x0c00cd58        0x0 ./calibrar.o
 .bss           0x0c00cd58        0x0 ./celda.o
 .bss           0x0c00cd58        0x8 ./cola.o
 .bss           0x0c00cd60        0x0 ./init_b.o
 .bss           0x0c00cd60        0x0 ./lcd.o
 .bss           0x0c00cd60        0x4 ./led.o
 .bss           0x0c00cd64        0x0 ./main.o
 .bss           0x0c00cd64        0x0 ./sudoku_2025.o
 .bss           0x0c00cd64        0x0 ./sudoku_lcd.o
 .bss           0x0c00cd64        0x0 ./tableros.o
 .bss           0x0c00cd64        0x4 ./timer.o
                0x0c00cd64                switch_leds
 .bss           0x0c00cd68        0x4 ./timer1.o
 .bss           0x0c00cd6c        0x4 ./timer2.o
 .bss           0x0c00cd70        0x0 ./tp.o
 .bss           0x0c00cd70        0x0 c:/eclipsearm/sourcery-g++-lite-arm-2011.03/bin/../lib/gcc/arm-none-eabi/4.5.2\libgcc.a(_udivsi3.o)
 .bss           0x0c00cd70        0x0 c:/eclipsearm/sourcery-g++-lite-arm-2011.03/bin/../lib/gcc/arm-none-eabi/4.5.2\libgcc.a(_divsi3.o)
 .bss           0x0c00cd70        0x0 c:/eclipsearm/sourcery-g++-lite-arm-2011.03/bin/../lib/gcc/arm-none-eabi/4.5.2\libgcc.a(_dvmd_tls.o)
 .bss           0x0c00cd70        0x0 c:/eclipsearm/sourcery-g++-lite-arm-2011.03/bin/../lib/gcc/arm-none-eabi/4.5.2\libgcc.a(_arm_addsubdf3.o)
 .bss           0x0c00cd70        0x0 c:/eclipsearm/sourcery-g++-lite-arm-2011.03/bin/../lib/gcc/arm-none-eabi/4.5.2\libgcc.a(_arm_muldivdf3.o)
 .bss           0x0c00cd70        0x0 c:/eclipsearm/sourcery-g++-lite-arm-2011.03/bin/../lib/gcc/arm-none-eabi/4.5.2\libgcc.a(_arm_fixdfsi.o)
 .bss           0x0c00cd70        0x0 c:/eclipsearm/sourcery-g++-lite-arm-2011.03/bin/../lib/gcc/arm-none-eabi/4.5.2/../../../../arm-none-eabi/lib\libc.a(lib_a-strlen.o)
 COMMON         0x0c00cd70        0x8 ./common/44blib.o
                0x0c00cd70                fileSize
                0x0c00cd74                downPt
 COMMON         0x0c00cd78       0x7c ./Bmp.o
                0x0c00cd78                ucCursorBackUp
                0x0c00cdf0                ulMouseY
                0x0c00cdf2                ulMouseX
 COMMON         0x0c00cdf4       0x20 ./button.o
                0x0c00cdf4                Ymin
                0x0c00cdf8                Xmax
                0x0c00cdfc                Vx
                0x0c00ce00                Ymax
                0x0c00ce04                oneTouch
                0x0c00ce08                Vy
                0x0c00ce0c                Xmin
                0x0c00ce10                CheckTSP
 COMMON         0x0c00ce14        0x1 ./main.o
                0x0c00ce14                yn
 *fill*         0x0c00ce15        0x3 00
 COMMON         0x0c00ce18        0xc ./timer2.o
                0x0c00ce18                resta
                0x0c00ce1c                tiempo_fin
                0x0c00ce20                tiempo_inicio
                0x0c00ce24                Image_ZI_Limit = .
                0x0c00ce24                __bss_start__ = .
                0x0c00ce24                __bss_end__ = .
                0x0c00ce24                __EH_FRAME_BEGIN__ = .
                0x0c00ce24                __EH_FRAME_END__ = .
                0x0c00ce24                PROVIDE (__stack, .)
                0x0c00ce24                end = .
                0x0c00ce24                _end = .

.ARM.attributes
                0x00000000       0x2e
 .ARM.attributes
                0x00000000       0x22 ./common/44binit.o
 .ARM.attributes
                0x00000022       0x32 ./common/44blib.o
 .ARM.attributes
                0x00000054       0x32 ./common/AscII6x8.o
 .ARM.attributes
                0x00000086       0x32 ./common/AscII8x16.o
 .ARM.attributes
                0x000000b8       0x32 ./8led.o
 .ARM.attributes
                0x000000ea       0x32 ./Bmp.o
 .ARM.attributes
                0x0000011c       0x32 ./button.o
 .ARM.attributes
                0x0000014e       0x32 ./calibrar.o
 .ARM.attributes
                0x00000180       0x32 ./celda.o
 .ARM.attributes
                0x000001b2       0x32 ./cola.o
 .ARM.attributes
                0x000001e4       0x22 ./init_b.o
 .ARM.attributes
                0x00000206       0x32 ./lcd.o
 .ARM.attributes
                0x00000238       0x32 ./led.o
 .ARM.attributes
                0x0000026a       0x32 ./main.o
 .ARM.attributes
                0x0000029c       0x32 ./sudoku_2025.o
 .ARM.attributes
                0x000002ce       0x32 ./sudoku_lcd.o
 .ARM.attributes
                0x00000300       0x32 ./tableros.o
 .ARM.attributes
                0x00000332       0x32 ./timer.o
 .ARM.attributes
                0x00000364       0x32 ./timer1.o
 .ARM.attributes
                0x00000396       0x32 ./timer2.o
 .ARM.attributes
                0x000003c8       0x32 ./tp.o
 .ARM.attributes
                0x000003fa       0x1a c:/eclipsearm/sourcery-g++-lite-arm-2011.03/bin/../lib/gcc/arm-none-eabi/4.5.2\libgcc.a(_udivsi3.o)
 .ARM.attributes
                0x00000414       0x1a c:/eclipsearm/sourcery-g++-lite-arm-2011.03/bin/../lib/gcc/arm-none-eabi/4.5.2\libgcc.a(_divsi3.o)
 .ARM.attributes
                0x0000042e       0x18 c:/eclipsearm/sourcery-g++-lite-arm-2011.03/bin/../lib/gcc/arm-none-eabi/4.5.2\libgcc.a(_dvmd_tls.o)
 .ARM.attributes
                0x00000446       0x1a c:/eclipsearm/sourcery-g++-lite-arm-2011.03/bin/../lib/gcc/arm-none-eabi/4.5.2\libgcc.a(_arm_addsubdf3.o)
 .ARM.attributes
                0x00000460       0x1a c:/eclipsearm/sourcery-g++-lite-arm-2011.03/bin/../lib/gcc/arm-none-eabi/4.5.2\libgcc.a(_arm_muldivdf3.o)
 .ARM.attributes
                0x0000047a       0x1a c:/eclipsearm/sourcery-g++-lite-arm-2011.03/bin/../lib/gcc/arm-none-eabi/4.5.2\libgcc.a(_arm_fixdfsi.o)
 .ARM.attributes
                0x00000494       0x34 c:/eclipsearm/sourcery-g++-lite-arm-2011.03/bin/../lib/gcc/arm-none-eabi/4.5.2/../../../../arm-none-eabi/lib\libc.a(lib_a-strlen.o)

.comment        0x00000000       0x2a
 .comment       0x00000000       0x2a ./common/44blib.o
                                 0x2b (size before relaxing)
 .comment       0x00000000       0x2b ./common/AscII6x8.o
 .comment       0x00000000       0x2b ./common/AscII8x16.o
 .comment       0x00000000       0x2b ./8led.o
 .comment       0x00000000       0x2b ./Bmp.o
 .comment       0x00000000       0x2b ./button.o
 .comment       0x00000000       0x2b ./calibrar.o
 .comment       0x00000000       0x2b ./celda.o
 .comment       0x00000000       0x2b ./cola.o
 .comment       0x00000000       0x2b ./lcd.o
 .comment       0x00000000       0x2b ./led.o
 .comment       0x00000000       0x2b ./main.o
 .comment       0x00000000       0x2b ./sudoku_2025.o
 .comment       0x00000000       0x2b ./sudoku_lcd.o
 .comment       0x00000000       0x2b ./tableros.o
 .comment       0x00000000       0x2b ./timer.o
 .comment       0x00000000       0x2b ./timer1.o
 .comment       0x00000000       0x2b ./timer2.o
 .comment       0x00000000       0x2b ./tp.o

.debug_info     0x00000000     0x318e
 *(.debug_info)
 .debug_info    0x00000000       0x64 ./common/44binit.o
 .debug_info    0x00000064      0x380 ./common/44blib.o
 .debug_info    0x000003e4       0x60 ./common/AscII6x8.o
 .debug_info    0x00000444       0x60 ./common/AscII8x16.o
 .debug_info    0x000004a4      0x10d ./8led.o
 .debug_info    0x000005b1      0x33c ./Bmp.o
 .debug_info    0x000008ed      0xd5d ./button.o
 .debug_info    0x0000164a       0x29 ./calibrar.o
 .debug_info    0x00001673       0xb9 ./celda.o
 .debug_info    0x0000172c      0x176 ./cola.o
 .debug_info    0x000018a2       0x5c ./init_b.o
 .debug_info    0x000018fe      0x79d ./lcd.o
 .debug_info    0x0000209b      0x14a ./led.o
 .debug_info    0x000021e5      0x15d ./main.o
 .debug_info    0x00002342      0x2ce ./sudoku_2025.o
 .debug_info    0x00002610      0x55b ./sudoku_lcd.o
 .debug_info    0x00002b6b      0x111 ./tableros.o
 .debug_info    0x00002c7c       0x7f ./timer.o
 .debug_info    0x00002cfb       0x71 ./timer1.o
 .debug_info    0x00002d6c      0x196 ./timer2.o
 .debug_info    0x00002f02      0x28c ./tp.o

.debug_line     0x00000000     0x27bd
 *(.debug_line)
 .debug_line    0x00000000      0x10f ./common/44binit.o
 .debug_line    0x0000010f      0x3c8 ./common/44blib.o
 .debug_line    0x000004d7       0x3e ./common/AscII6x8.o
 .debug_line    0x00000515       0x3f ./common/AscII8x16.o
 .debug_line    0x00000554       0x9a ./8led.o
 .debug_line    0x000005ee      0x10b ./Bmp.o
 .debug_line    0x000006f9      0x74d ./button.o
 .debug_line    0x00000e46       0x2e ./calibrar.o
 .debug_line    0x00000e74      0x144 ./celda.o
 .debug_line    0x00000fb8      0x1af ./cola.o
 .debug_line    0x00001167      0x151 ./init_b.o
 .debug_line    0x000012b8      0x34a ./lcd.o
 .debug_line    0x00001602      0x1bd ./led.o
 .debug_line    0x000017bf      0x244 ./main.o
 .debug_line    0x00001a03      0x234 ./sudoku_2025.o
 .debug_line    0x00001c37      0x340 ./sudoku_lcd.o
 .debug_line    0x00001f77      0x15b ./tableros.o
 .debug_line    0x000020d2       0x9e ./timer.o
 .debug_line    0x00002170       0xb0 ./timer1.o
 .debug_line    0x00002220      0x1e7 ./timer2.o
 .debug_line    0x00002407      0x3b6 ./tp.o

.debug_abbrev   0x00000000      0xebe
 *(.debug_abbrev)
 .debug_abbrev  0x00000000       0x14 ./common/44binit.o
 .debug_abbrev  0x00000014      0x136 ./common/44blib.o
 .debug_abbrev  0x0000014a       0x4b ./common/AscII6x8.o
 .debug_abbrev  0x00000195       0x4b ./common/AscII8x16.o
 .debug_abbrev  0x000001e0       0xa7 ./8led.o
 .debug_abbrev  0x00000287       0xf8 ./Bmp.o
 .debug_abbrev  0x0000037f      0x22f ./button.o
 .debug_abbrev  0x000005ae       0x16 ./calibrar.o
 .debug_abbrev  0x000005c4       0x5f ./celda.o
 .debug_abbrev  0x00000623       0xb2 ./cola.o
 .debug_abbrev  0x000006d5       0x14 ./init_b.o
 .debug_abbrev  0x000006e9      0x1bc ./lcd.o
 .debug_abbrev  0x000008a5       0x89 ./led.o
 .debug_abbrev  0x0000092e       0x80 ./main.o
 .debug_abbrev  0x000009ae      0x112 ./sudoku_2025.o
 .debug_abbrev  0x00000ac0      0x135 ./sudoku_lcd.o
 .debug_abbrev  0x00000bf5       0x72 ./tableros.o
 .debug_abbrev  0x00000c67       0x5f ./timer.o
 .debug_abbrev  0x00000cc6       0x4c ./timer1.o
 .debug_abbrev  0x00000d12       0xca ./timer2.o
 .debug_abbrev  0x00000ddc       0xe2 ./tp.o

.debug_frame    0x00000000      0xf90
 *(.debug_frame)
 .debug_frame   0x00000000      0x1bc ./common/44blib.o
 .debug_frame   0x000001bc       0x50 ./8led.o
 .debug_frame   0x0000020c       0xf4 ./Bmp.o
 .debug_frame   0x00000300      0x3e8 ./button.o
 .debug_frame   0x000006e8       0x30 ./celda.o
 .debug_frame   0x00000718       0x50 ./cola.o
 .debug_frame   0x00000768      0x21c ./lcd.o
 .debug_frame   0x00000984      0x130 ./led.o
 .debug_frame   0x00000ab4       0x30 ./main.o
 .debug_frame   0x00000ae4       0x90 ./sudoku_2025.o
 .debug_frame   0x00000b74      0x150 ./sudoku_lcd.o
 .debug_frame   0x00000cc4       0x58 ./timer.o
 .debug_frame   0x00000d1c       0x5c ./timer1.o
 .debug_frame   0x00000d78       0xbc ./timer2.o
 .debug_frame   0x00000e34       0xfc ./tp.o
 .debug_frame   0x00000f30       0x20 c:/eclipsearm/sourcery-g++-lite-arm-2011.03/bin/../lib/gcc/arm-none-eabi/4.5.2\libgcc.a(_udivsi3.o)
 .debug_frame   0x00000f50       0x20 c:/eclipsearm/sourcery-g++-lite-arm-2011.03/bin/../lib/gcc/arm-none-eabi/4.5.2\libgcc.a(_divsi3.o)
 .debug_frame   0x00000f70       0x20 c:/eclipsearm/sourcery-g++-lite-arm-2011.03/bin/../lib/gcc/arm-none-eabi/4.5.2/../../../../arm-none-eabi/lib\libc.a(lib_a-strlen.o)
OUTPUT(PRACTICA_3.elf elf32-littlearm)

.debug_aranges  0x00000000      0x220
 .debug_aranges
                0x00000000       0x20 ./common/44binit.o
 .debug_aranges
                0x00000020       0x20 ./common/44blib.o
 .debug_aranges
                0x00000040       0x20 ./8led.o
 .debug_aranges
                0x00000060       0x20 ./Bmp.o
 .debug_aranges
                0x00000080       0x20 ./button.o
 .debug_aranges
                0x000000a0       0x20 ./celda.o
 .debug_aranges
                0x000000c0       0x20 ./cola.o
 .debug_aranges
                0x000000e0       0x20 ./init_b.o
 .debug_aranges
                0x00000100       0x20 ./lcd.o
 .debug_aranges
                0x00000120       0x20 ./led.o
 .debug_aranges
                0x00000140       0x20 ./main.o
 .debug_aranges
                0x00000160       0x20 ./sudoku_2025.o
 .debug_aranges
                0x00000180       0x20 ./sudoku_lcd.o
 .debug_aranges
                0x000001a0       0x20 ./timer.o
 .debug_aranges
                0x000001c0       0x20 ./timer1.o
 .debug_aranges
                0x000001e0       0x20 ./timer2.o
 .debug_aranges
                0x00000200       0x20 ./tp.o

.debug_macinfo  0x00000000    0x5c9a4
 .debug_macinfo
                0x00000000     0x82fb ./common/44blib.o
 .debug_macinfo
                0x000082fb     0x2297 ./common/AscII6x8.o
 .debug_macinfo
                0x0000a592     0x2297 ./common/AscII8x16.o
 .debug_macinfo
                0x0000c829     0x50b3 ./8led.o
 .debug_macinfo
                0x000118dc     0x28a4 ./Bmp.o
 .debug_macinfo
                0x00014180     0x74d2 ./button.o
 .debug_macinfo
                0x0001b652     0x20fc ./calibrar.o
 .debug_macinfo
                0x0001d74e     0x3aa8 ./celda.o
 .debug_macinfo
                0x000211f6     0x58d4 ./cola.o
 .debug_macinfo
                0x00026aca     0x5884 ./lcd.o
 .debug_macinfo
                0x0002c34e     0x5a43 ./led.o
 .debug_macinfo
                0x00031d91     0x7253 ./main.o
 .debug_macinfo
                0x00038fe4     0x3aec ./sudoku_2025.o
 .debug_macinfo
                0x0003cad0     0x4385 ./sudoku_lcd.o
 .debug_macinfo
                0x00040e55     0x3acf ./tableros.o
 .debug_macinfo
                0x00044924     0x50b4 ./timer.o
 .debug_macinfo
                0x000499d8     0x50c3 ./timer1.o
 .debug_macinfo
                0x0004ea9b     0x6a88 ./timer2.o
 .debug_macinfo
                0x00055523     0x7481 ./tp.o

.debug_loc      0x00000000     0x1314
 .debug_loc     0x00000000      0x23c ./common/44blib.o
 .debug_loc     0x0000023c       0x58 ./8led.o
 .debug_loc     0x00000294      0x134 ./Bmp.o
 .debug_loc     0x000003c8      0x528 ./button.o
 .debug_loc     0x000008f0       0x2c ./celda.o
 .debug_loc     0x0000091c       0x58 ./cola.o
 .debug_loc     0x00000974      0x2c0 ./lcd.o
 .debug_loc     0x00000c34      0x18c ./led.o
 .debug_loc     0x00000dc0       0x2c ./main.o
 .debug_loc     0x00000dec       0xb0 ./sudoku_2025.o
 .debug_loc     0x00000e9c      0x1b8 ./sudoku_lcd.o
 .debug_loc     0x00001054       0x58 ./timer.o
 .debug_loc     0x000010ac       0x58 ./timer1.o
 .debug_loc     0x00001104       0xdc ./timer2.o
 .debug_loc     0x000011e0      0x134 ./tp.o

.debug_pubnames
                0x00000000      0x9a1
 .debug_pubnames
                0x00000000       0xf7 ./common/44blib.o
 .debug_pubnames
                0x000000f7       0x25 ./common/AscII6x8.o
 .debug_pubnames
                0x0000011c       0x26 ./common/AscII8x16.o
 .debug_pubnames
                0x00000142       0x32 ./8led.o
 .debug_pubnames
                0x00000174       0xcd ./Bmp.o
 .debug_pubnames
                0x00000241      0x13e ./button.o
 .debug_pubnames
                0x0000037f       0x27 ./celda.o
 .debug_pubnames
                0x000003a6       0x34 ./cola.o
 .debug_pubnames
                0x000003da      0x123 ./lcd.o
 .debug_pubnames
                0x000004fd       0x8d ./led.o
 .debug_pubnames
                0x0000058a       0x7e ./main.o
 .debug_pubnames
                0x00000608       0x48 ./sudoku_2025.o
 .debug_pubnames
                0x00000650      0x128 ./sudoku_lcd.o
 .debug_pubnames
                0x00000778       0x73 ./tableros.o
 .debug_pubnames
                0x000007eb       0x3f ./timer.o
 .debug_pubnames
                0x0000082a       0x31 ./timer1.o
 .debug_pubnames
                0x0000085b       0x92 ./timer2.o
 .debug_pubnames
                0x000008ed       0xb4 ./tp.o

.debug_pubtypes
                0x00000000      0x253
 .debug_pubtypes
                0x00000000       0x12 ./common/44blib.o
 .debug_pubtypes
                0x00000012       0x2d ./Bmp.o
 .debug_pubtypes
                0x0000003f       0x92 ./button.o
 .debug_pubtypes
                0x000000d1       0x35 ./celda.o
 .debug_pubtypes
                0x00000106       0x38 ./cola.o
 .debug_pubtypes
                0x0000013e       0x2d ./lcd.o
 .debug_pubtypes
                0x0000016b       0x12 ./led.o
 .debug_pubtypes
                0x0000017d       0x12 ./main.o
 .debug_pubtypes
                0x0000018f       0x35 ./sudoku_2025.o
 .debug_pubtypes
                0x000001c4       0x35 ./sudoku_lcd.o
 .debug_pubtypes
                0x000001f9       0x29 ./tableros.o
 .debug_pubtypes
                0x00000222       0x1f ./timer2.o
 .debug_pubtypes
                0x00000241       0x12 ./tp.o

.debug_str      0x00000000     0x10f0
 .debug_str     0x00000000      0x1a0 ./common/44blib.o
                                0x1de (size before relaxing)
 .debug_str     0x000001a0       0x24 ./common/AscII6x8.o
                                 0x70 (size before relaxing)
 .debug_str     0x000001c4       0x26 ./common/AscII8x16.o
                                 0x72 (size before relaxing)
 .debug_str     0x000001ea       0x6c ./8led.o
                                 0xaa (size before relaxing)
 .debug_str     0x00000256       0xfc ./Bmp.o
                                0x162 (size before relaxing)
 .debug_str     0x00000352      0x759 ./button.o
                                0x85a (size before relaxing)
 .debug_str     0x00000aab        0xe ./calibrar.o
                                 0x3f (size before relaxing)
 .debug_str     0x00000ab9       0x1c ./celda.o
                                 0xee (size before relaxing)
 .debug_str     0x00000ad5       0x74 ./cola.o
                                0x13a (size before relaxing)
 .debug_str     0x00000b49      0x1a1 ./lcd.o
                                0x2a0 (size before relaxing)
 .debug_str     0x00000cea       0x74 ./led.o
                                0x129 (size before relaxing)
 .debug_str     0x00000d5e       0x1b ./main.o
                                0x11a (size before relaxing)
 .debug_str     0x00000d79       0xa8 ./sudoku_2025.o
                                0x1c9 (size before relaxing)
 .debug_str     0x00000e21      0x17f ./sudoku_lcd.o
                                0x27d (size before relaxing)
 .debug_str     0x00000fa0       0x3b ./tableros.o
                                0x13e (size before relaxing)
 .debug_str     0x00000fdb       0x20 ./timer.o
                                 0x5d (size before relaxing)
 .debug_str     0x00000ffb       0x34 ./timer1.o
                                 0x72 (size before relaxing)
 .debug_str     0x0000102f       0x7a ./timer2.o
                                0x176 (size before relaxing)
 .debug_str     0x000010a9       0x47 ./tp.o
                                0x127 (size before relaxing)
